Starting job 1586319 on gpu-1-111 on Olivia at Wed Jul 15 12:19:12 CEST 2026

Init: 2016-08-04 00:00:00 -> target valid time 2016-08-09 06:00:00 (21 steps, target_step=20), nt_samples=5, n_steps=5 (~25 rollout evals)
[32m2026-07-15 12:19:52.572[0m | [34m[1mDEBUG   [0m | [36mearth2studio.data.utils[0m:[36m_make_local_details[0m:[36m1070[0m - [34m[1mCopying /gcp-public-data-arco-era5/ar/full_37-1h-0p25deg-chunk-1.zarr-v3/.zattrs to local cache[0m
[32m2026-07-15 12:19:53.575[0m | [34m[1mDEBUG   [0m | [36mearth2studio.data.utils[0m:[36m_make_local_details[0m:[36m1070[0m - [34m[1mCopying /gcp-public-data-arco-era5/ar/full_37-1h-0p25deg-chunk-1.zarr-v3/.zgroup to local cache[0m
[32m2026-07-15 12:19:53.654[0m | [34m[1mDEBUG   [0m | [36mearth2studio.data.utils[0m:[36m_make_local_details[0m:[36m1070[0m - [34m[1mCopying /gcp-public-data-arco-era5/ar/full_37-1h-0p25deg-chunk-1.zarr-v3/.zmetadata to local cache[0m
[32m2026-07-15 12:19:53.970[0m | [34m[1mDEBUG   [0m | [36mearth2studio.data.utils[0m:[36m_make_local_details[0m:[36m1070[0m - [34m[1mCopying /gcp-public-data-arco-era5/ar/full_37-1h-0p25deg-chunk-1.zarr-v3/level/0 to local cache[0m
[32m2026-07-15 12:19:54.254[0m | [34m[1mDEBUG   [0m | [36mearth2studio.data.utils[0m:[36m_make_local_details[0m:[36m1070[0m - [34m[1mCopying /gcp-public-data-arco-era5/ar/model-level-1h-0p25deg.zarr-v1/.zattrs to local cache[0m
[32m2026-07-15 12:19:54.706[0m | [34m[1mDEBUG   [0m | [36mearth2studio.data.utils[0m:[36m_make_local_details[0m:[36m1070[0m - [34m[1mCopying /gcp-public-data-arco-era5/ar/model-level-1h-0p25deg.zarr-v1/.zgroup to local cache[0m
[32m2026-07-15 12:19:54.764[0m | [34m[1mDEBUG   [0m | [36mearth2studio.data.utils[0m:[36m_make_local_details[0m:[36m1070[0m - [34m[1mCopying /gcp-public-data-arco-era5/ar/model-level-1h-0p25deg.zarr-v1/.zmetadata to local cache[0m
[32m2026-07-15 12:19:55.040[0m | [34m[1mDEBUG   [0m | [36mearth2studio.data.utils[0m:[36m_make_local_details[0m:[36m1070[0m - [34m[1mCopying /gcp-public-data-arco-era5/ar/model-level-1h-0p25deg.zarr-v1/hybrid/0 to local cache[0m
[32m2026-07-15 12:19:55.252[0m | [34m[1mDEBUG   [0m | [36mearth2studio.data.utils[0m:[36m_make_local_details[0m:[36m1070[0m - [34m[1mCopying /gcp-public-data-arco-era5/ar/full_37-1h-0p25deg-chunk-1.zarr-v3/2m_dewpoint_temperature/1022010.0.0 to local cache[0m
[32m2026-07-15 12:19:55.257[0m | [34m[1mDEBUG   [0m | [36mearth2studio.data.utils[0m:[36m_make_local_details[0m:[36m1070[0m - [34m[1mCopying /gcp-public-data-arco-era5/ar/full_37-1h-0p25deg-chunk-1.zarr-v3/soil_temperature_level_2/1022010.0.0 to local cache[0m
[32m2026-07-15 12:19:55.335[0m | [34m[1mDEBUG   [0m | [36mearth2studio.data.utils[0m:[36m_make_local_details[0m:[36m1070[0m - [34m[1mCopying /gcp-public-data-arco-era5/ar/full_37-1h-0p25deg-chunk-1.zarr-v3/2m_temperature/1022010.0.0 to local cache[0m
[32m2026-07-15 12:19:55.344[0m | [34m[1mDEBUG   [0m | [36mearth2studio.data.utils[0m:[36m_make_local_details[0m:[36m1070[0m - [34m[1mCopying /gcp-public-data-arco-era5/ar/full_37-1h-0p25deg-chunk-1.zarr-v3/volumetric_soil_water_layer_1/1022010.0.0 to local cache[0m
[32m2026-07-15 12:19:55.348[0m | [34m[1mDEBUG   [0m | [36mearth2studio.data.utils[0m:[36m_make_local_details[0m:[36m1070[0m - [34m[1mCopying /gcp-public-data-arco-era5/ar/full_37-1h-0p25deg-chunk-1.zarr-v3/u_component_of_wind/1022010.0.0.0 to local cache[0m
[32m2026-07-15 12:19:55.355[0m | [34m[1mDEBUG   [0m | [36mearth2studio.data.utils[0m:[36m_make_local_details[0m:[36m1070[0m - [34m[1mCopying /gcp-public-data-arco-era5/ar/full_37-1h-0p25deg-chunk-1.zarr-v3/total_column_water/1022010.0.0 to local cache[0m
[32m2026-07-15 12:19:55.357[0m | [34m[1mDEBUG   [0m | [36mearth2studio.data.utils[0m:[36m_make_local_details[0m:[36m1070[0m - [34m[1mCopying /gcp-public-data-arco-era5/ar/full_37-1h-0p25deg-chunk-1.zarr-v3/v_component_of_wind/1022010.0.0.0 to local cache[0m
[32m2026-07-15 12:19:55.360[0m | [34m[1mDEBUG   [0m | [36mearth2studio.data.utils[0m:[36m_make_local_details[0m:[36m1070[0m - [34m[1mCopying /gcp-public-data-arco-era5/ar/full_37-1h-0p25deg-chunk-1.zarr-v3/specific_humidity/1022010.0.0.0 to local cache[0m
[32m2026-07-15 12:19:55.361[0m | [34m[1mDEBUG   [0m | [36mearth2studio.data.utils[0m:[36m_make_local_details[0m:[36m1070[0m - [34m[1mCopying /gcp-public-data-arco-era5/ar/full_37-1h-0p25deg-chunk-1.zarr-v3/geopotential/1022010.0.0.0 to local cache[0m
[32m2026-07-15 12:19:55.363[0m | [34m[1mDEBUG   [0m | [36mearth2studio.data.utils[0m:[36m_make_local_details[0m:[36m1070[0m - [34m[1mCopying /gcp-public-data-arco-era5/ar/full_37-1h-0p25deg-chunk-1.zarr-v3/temperature/1022010.0.0.0 to local cache[0m
[32m2026-07-15 12:19:55.368[0m | [34m[1mDEBUG   [0m | [36mearth2studio.data.utils[0m:[36m_make_local_details[0m:[36m1070[0m - [34m[1mCopying /gcp-public-data-arco-era5/ar/full_37-1h-0p25deg-chunk-1.zarr-v3/10m_v_component_of_wind/1022010.0.0 to local cache[0m
[32m2026-07-15 12:19:55.369[0m | [34m[1mDEBUG   [0m | [36mearth2studio.data.utils[0m:[36m_make_local_details[0m:[36m1070[0m - [34m[1mCopying /gcp-public-data-arco-era5/ar/full_37-1h-0p25deg-chunk-1.zarr-v3/volumetric_soil_water_layer_2/1022010.0.0 to local cache[0m
[32m2026-07-15 12:19:55.370[0m | [34m[1mDEBUG   [0m | [36mearth2studio.data.utils[0m:[36m_make_local_details[0m:[36m1070[0m - [34m[1mCopying /gcp-public-data-arco-era5/ar/full_37-1h-0p25deg-chunk-1.zarr-v3/surface_pressure/1022010.0.0 to local cache[0m
[32m2026-07-15 12:19:55.372[0m | [34m[1mDEBUG   [0m | [36mearth2studio.data.utils[0m:[36m_make_local_details[0m:[36m1070[0m - [34m[1mCopying /gcp-public-data-arco-era5/ar/full_37-1h-0p25deg-chunk-1.zarr-v3/skin_temperature/1022010.0.0 to local cache[0m
[32m2026-07-15 12:19:55.372[0m | [34m[1mDEBUG   [0m | [36mearth2studio.data.utils[0m:[36m_make_local_details[0m:[36m1070[0m - [34m[1mCopying /gcp-public-data-arco-era5/ar/full_37-1h-0p25deg-chunk-1.zarr-v3/soil_temperature_level_1/1022010.0.0 to local cache[0m
[32m2026-07-15 12:19:55.375[0m | [34m[1mDEBUG   [0m | [36mearth2studio.data.utils[0m:[36m_make_local_details[0m:[36m1070[0m - [34m[1mCopying /gcp-public-data-arco-era5/ar/full_37-1h-0p25deg-chunk-1.zarr-v3/10m_u_component_of_wind/1022010.0.0 to local cache[0m
[32m2026-07-15 12:19:55.377[0m | [34m[1mDEBUG   [0m | [36mearth2studio.data.utils[0m:[36m_make_local_details[0m:[36m1070[0m - [34m[1mCopying /gcp-public-data-arco-era5/ar/full_37-1h-0p25deg-chunk-1.zarr-v3/vertical_velocity/1022010.0.0.0 to local cache[0m
[32m2026-07-15 12:19:55.380[0m | [34m[1mDEBUG   [0m | [36mearth2studio.data.utils[0m:[36m_make_local_details[0m:[36m1070[0m - [34m[1mCopying /gcp-public-data-arco-era5/ar/full_37-1h-0p25deg-chunk-1.zarr-v3/mean_sea_level_pressure/1022010.0.0 to local cache[0m
[32m2026-07-15 12:20:00.477[0m | [34m[1mDEBUG   [0m | [36mearth2studio.data.utils[0m:[36m_make_local_details[0m:[36m1070[0m - [34m[1mCopying /gcp-public-data-arco-era5/ar/full_37-1h-0p25deg-chunk-1.zarr-v3/v_component_of_wind/1022016.0.0.0 to local cache[0m
[32m2026-07-15 12:20:00.479[0m | [34m[1mDEBUG   [0m | [36mearth2studio.data.utils[0m:[36m_make_local_details[0m:[36m1070[0m - [34m[1mCopying /gcp-public-data-arco-era5/ar/full_37-1h-0p25deg-chunk-1.zarr-v3/soil_temperature_level_2/1022016.0.0 to local cache[0m
[32m2026-07-15 12:20:00.480[0m | [34m[1mDEBUG   [0m | [36mearth2studio.data.utils[0m:[36m_make_local_details[0m:[36m1070[0m - [34m[1mCopying /gcp-public-data-arco-era5/ar/full_37-1h-0p25deg-chunk-1.zarr-v3/total_column_water/1022016.0.0 to local cache[0m
[32m2026-07-15 12:20:00.482[0m | [34m[1mDEBUG   [0m | [36mearth2studio.data.utils[0m:[36m_make_local_details[0m:[36m1070[0m - [34m[1mCopying /gcp-public-data-arco-era5/ar/full_37-1h-0p25deg-chunk-1.zarr-v3/geopotential/1022016.0.0.0 to local cache[0m
[32m2026-07-15 12:20:00.483[0m | [34m[1mDEBUG   [0m | [36mearth2studio.data.utils[0m:[36m_make_local_details[0m:[36m1070[0m - [34m[1mCopying /gcp-public-data-arco-era5/ar/full_37-1h-0p25deg-chunk-1.zarr-v3/soil_temperature_level_1/1022016.0.0 to local cache[0m
[32m2026-07-15 12:20:00.484[0m | [34m[1mDEBUG   [0m | [36mearth2studio.data.utils[0m:[36m_make_local_details[0m:[36m1070[0m - [34m[1mCopying /gcp-public-data-arco-era5/ar/full_37-1h-0p25deg-chunk-1.zarr-v3/u_component_of_wind/1022016.0.0.0 to local cache[0m
[32m2026-07-15 12:20:00.494[0m | [34m[1mDEBUG   [0m | [36mearth2studio.data.utils[0m:[36m_make_local_details[0m:[36m1070[0m - [34m[1mCopying /gcp-public-data-arco-era5/ar/full_37-1h-0p25deg-chunk-1.zarr-v3/volumetric_soil_water_layer_1/1022016.0.0 to local cache[0m
[32m2026-07-15 12:20:00.495[0m | [34m[1mDEBUG   [0m | [36mearth2studio.data.utils[0m:[36m_make_local_details[0m:[36m1070[0m - [34m[1mCopying /gcp-public-data-arco-era5/ar/full_37-1h-0p25deg-chunk-1.zarr-v3/2m_temperature/1022016.0.0 to local cache[0m
[32m2026-07-15 12:20:00.534[0m | [34m[1mDEBUG   [0m | [36mearth2studio.data.utils[0m:[36m_make_local_details[0m:[36m1070[0m - [34m[1mCopying /gcp-public-data-arco-era5/ar/full_37-1h-0p25deg-chunk-1.zarr-v3/temperature/1022016.0.0.0 to local cache[0m
[32m2026-07-15 12:20:00.561[0m | [34m[1mDEBUG   [0m | [36mearth2studio.data.utils[0m:[36m_make_local_details[0m:[36m1070[0m - [34m[1mCopying /gcp-public-data-arco-era5/ar/full_37-1h-0p25deg-chunk-1.zarr-v3/2m_dewpoint_temperature/1022016.0.0 to local cache[0m
[32m2026-07-15 12:20:00.570[0m | [34m[1mDEBUG   [0m | [36mearth2studio.data.utils[0m:[36m_make_local_details[0m:[36m1070[0m - [34m[1mCopying /gcp-public-data-arco-era5/ar/full_37-1h-0p25deg-chunk-1.zarr-v3/volumetric_soil_water_layer_2/1022016.0.0 to local cache[0m
[32m2026-07-15 12:20:00.580[0m | [34m[1mDEBUG   [0m | [36mearth2studio.data.utils[0m:[36m_make_local_details[0m:[36m1070[0m - [34m[1mCopying /gcp-public-data-arco-era5/ar/full_37-1h-0p25deg-chunk-1.zarr-v3/specific_humidity/1022016.0.0.0 to local cache[0m
[32m2026-07-15 12:20:00.585[0m | [34m[1mDEBUG   [0m | [36mearth2studio.data.utils[0m:[36m_make_local_details[0m:[36m1070[0m - [34m[1mCopying /gcp-public-data-arco-era5/ar/full_37-1h-0p25deg-chunk-1.zarr-v3/10m_v_component_of_wind/1022016.0.0 to local cache[0m
[32m2026-07-15 12:20:00.587[0m | [34m[1mDEBUG   [0m | [36mearth2studio.data.utils[0m:[36m_make_local_details[0m:[36m1070[0m - [34m[1mCopying /gcp-public-data-arco-era5/ar/full_37-1h-0p25deg-chunk-1.zarr-v3/mean_sea_level_pressure/1022016.0.0 to local cache[0m
[32m2026-07-15 12:20:00.588[0m | [34m[1mDEBUG   [0m | [36mearth2studio.data.utils[0m:[36m_make_local_details[0m:[36m1070[0m - [34m[1mCopying /gcp-public-data-arco-era5/ar/full_37-1h-0p25deg-chunk-1.zarr-v3/vertical_velocity/1022016.0.0.0 to local cache[0m
[32m2026-07-15 12:20:00.588[0m | [34m[1mDEBUG   [0m | [36mearth2studio.data.utils[0m:[36m_make_local_details[0m:[36m1070[0m - [34m[1mCopying /gcp-public-data-arco-era5/ar/full_37-1h-0p25deg-chunk-1.zarr-v3/skin_temperature/1022016.0.0 to local cache[0m
[32m2026-07-15 12:20:00.590[0m | [34m[1mDEBUG   [0m | [36mearth2studio.data.utils[0m:[36m_make_local_details[0m:[36m1070[0m - [34m[1mCopying /gcp-public-data-arco-era5/ar/full_37-1h-0p25deg-chunk-1.zarr-v3/surface_pressure/1022016.0.0 to local cache[0m
[32m2026-07-15 12:20:00.635[0m | [34m[1mDEBUG   [0m | [36mearth2studio.data.utils[0m:[36m_make_local_details[0m:[36m1070[0m - [34m[1mCopying /gcp-public-data-arco-era5/ar/full_37-1h-0p25deg-chunk-1.zarr-v3/10m_u_component_of_wind/1022016.0.0 to local cache[0m
Cleaned up temporary input data cache: /cluster/projects/nn12107k/robin/e2s_data_cache_wzlil17l

Job 1586319 consumed 0.0 billing hours and 0.1 GPU hours from project nn12107k.

Submitted 2026-07-15T12:19:11; waited 0.0 seconds in the queue after becoming eligible to run.

Requested wallclock time: 4.0 hours
Elapsed wallclock time:   6.8 minutes

Job failed.

Task and CPU statistics:
ID             CPUs  Tasks  CPU util                Start  Elapsed  Exit status
1586319           1            0.0 %  2026-07-15T12:19:11  410.0 s  1
1586319.batch     1      1    88.3 %  2026-07-15T12:19:11  410.0 s  1

Used CPU time:   6.0 CPU minutes
Unused CPU time: 48.0 CPU seconds

Memory statistics, in GiB:
ID              Alloc   Usage
1586319         128.0        
1586319.batch   128.0    33.2

Job 1586319 completed at Wed Jul 15 12:26:01 CEST 2026
