Starting job 1619319 on gpu-1-111 on Olivia at Mon Jul 20 16:12:59 CEST 2026

Init: 2005-09-11 00:00:00 -> target valid time 2005-09-14 06:00:00 (13 steps, target_step=12)
[32m2026-07-20 16:13:52.560[0m | [34m[1mDEBUG   [0m | [36mearth2studio.data.utils[0m:[36m_make_local_details[0m:[36m1070[0m - [34m[1mCopying /gcp-public-data-arco-era5/ar/full_37-1h-0p25deg-chunk-1.zarr-v3/.zattrs to local cache[0m
[32m2026-07-20 16:13:53.512[0m | [34m[1mDEBUG   [0m | [36mearth2studio.data.utils[0m:[36m_make_local_details[0m:[36m1070[0m - [34m[1mCopying /gcp-public-data-arco-era5/ar/full_37-1h-0p25deg-chunk-1.zarr-v3/.zgroup to local cache[0m
[32m2026-07-20 16:13:53.593[0m | [34m[1mDEBUG   [0m | [36mearth2studio.data.utils[0m:[36m_make_local_details[0m:[36m1070[0m - [34m[1mCopying /gcp-public-data-arco-era5/ar/full_37-1h-0p25deg-chunk-1.zarr-v3/.zmetadata to local cache[0m
[32m2026-07-20 16:13:53.902[0m | [34m[1mDEBUG   [0m | [36mearth2studio.data.utils[0m:[36m_make_local_details[0m:[36m1070[0m - [34m[1mCopying /gcp-public-data-arco-era5/ar/full_37-1h-0p25deg-chunk-1.zarr-v3/level/0 to local cache[0m
[32m2026-07-20 16:13:54.179[0m | [34m[1mDEBUG   [0m | [36mearth2studio.data.utils[0m:[36m_make_local_details[0m:[36m1070[0m - [34m[1mCopying /gcp-public-data-arco-era5/ar/model-level-1h-0p25deg.zarr-v1/.zattrs to local cache[0m
[32m2026-07-20 16:13:54.491[0m | [34m[1mDEBUG   [0m | [36mearth2studio.data.utils[0m:[36m_make_local_details[0m:[36m1070[0m - [34m[1mCopying /gcp-public-data-arco-era5/ar/model-level-1h-0p25deg.zarr-v1/.zmetadata to local cache[0m
[32m2026-07-20 16:13:54.491[0m | [34m[1mDEBUG   [0m | [36mearth2studio.data.utils[0m:[36m_make_local_details[0m:[36m1070[0m - [34m[1mCopying /gcp-public-data-arco-era5/ar/model-level-1h-0p25deg.zarr-v1/.zgroup to local cache[0m
[32m2026-07-20 16:13:55.075[0m | [34m[1mDEBUG   [0m | [36mearth2studio.data.utils[0m:[36m_make_local_details[0m:[36m1070[0m - [34m[1mCopying /gcp-public-data-arco-era5/ar/model-level-1h-0p25deg.zarr-v1/hybrid/0 to local cache[0m
[32m2026-07-20 16:13:55.441[0m | [34m[1mDEBUG   [0m | [36mearth2studio.data.utils[0m:[36m_make_local_details[0m:[36m1070[0m - [34m[1mCopying /gcp-public-data-arco-era5/ar/full_37-1h-0p25deg-chunk-1.zarr-v3/vertical_velocity/926490.0.0.0 to local cache[0m
[32m2026-07-20 16:13:55.460[0m | [34m[1mDEBUG   [0m | [36mearth2studio.data.utils[0m:[36m_make_local_details[0m:[36m1070[0m - [34m[1mCopying /gcp-public-data-arco-era5/ar/full_37-1h-0p25deg-chunk-1.zarr-v3/geopotential/926490.0.0.0 to local cache[0m
[32m2026-07-20 16:13:55.538[0m | [34m[1mDEBUG   [0m | [36mearth2studio.data.utils[0m:[36m_make_local_details[0m:[36m1070[0m - [34m[1mCopying /gcp-public-data-arco-era5/ar/full_37-1h-0p25deg-chunk-1.zarr-v3/total_column_water/926490.0.0 to local cache[0m
[32m2026-07-20 16:13:55.543[0m | [34m[1mDEBUG   [0m | [36mearth2studio.data.utils[0m:[36m_make_local_details[0m:[36m1070[0m - [34m[1mCopying /gcp-public-data-arco-era5/ar/full_37-1h-0p25deg-chunk-1.zarr-v3/u_component_of_wind/926490.0.0.0 to local cache[0m
[32m2026-07-20 16:13:55.548[0m | [34m[1mDEBUG   [0m | [36mearth2studio.data.utils[0m:[36m_make_local_details[0m:[36m1070[0m - [34m[1mCopying /gcp-public-data-arco-era5/ar/full_37-1h-0p25deg-chunk-1.zarr-v3/10m_v_component_of_wind/926490.0.0 to local cache[0m
[32m2026-07-20 16:13:55.552[0m | [34m[1mDEBUG   [0m | [36mearth2studio.data.utils[0m:[36m_make_local_details[0m:[36m1070[0m - [34m[1mCopying /gcp-public-data-arco-era5/ar/full_37-1h-0p25deg-chunk-1.zarr-v3/soil_temperature_level_1/926490.0.0 to local cache[0m
[32m2026-07-20 16:13:55.561[0m | [34m[1mDEBUG   [0m | [36mearth2studio.data.utils[0m:[36m_make_local_details[0m:[36m1070[0m - [34m[1mCopying /gcp-public-data-arco-era5/ar/full_37-1h-0p25deg-chunk-1.zarr-v3/volumetric_soil_water_layer_1/926490.0.0 to local cache[0m
[32m2026-07-20 16:13:55.562[0m | [34m[1mDEBUG   [0m | [36mearth2studio.data.utils[0m:[36m_make_local_details[0m:[36m1070[0m - [34m[1mCopying /gcp-public-data-arco-era5/ar/full_37-1h-0p25deg-chunk-1.zarr-v3/mean_sea_level_pressure/926490.0.0 to local cache[0m
[32m2026-07-20 16:13:55.564[0m | [34m[1mDEBUG   [0m | [36mearth2studio.data.utils[0m:[36m_make_local_details[0m:[36m1070[0m - [34m[1mCopying /gcp-public-data-arco-era5/ar/full_37-1h-0p25deg-chunk-1.zarr-v3/surface_pressure/926490.0.0 to local cache[0m
[32m2026-07-20 16:13:55.566[0m | [34m[1mDEBUG   [0m | [36mearth2studio.data.utils[0m:[36m_make_local_details[0m:[36m1070[0m - [34m[1mCopying /gcp-public-data-arco-era5/ar/full_37-1h-0p25deg-chunk-1.zarr-v3/10m_u_component_of_wind/926490.0.0 to local cache[0m
[32m2026-07-20 16:13:55.566[0m | [34m[1mDEBUG   [0m | [36mearth2studio.data.utils[0m:[36m_make_local_details[0m:[36m1070[0m - [34m[1mCopying /gcp-public-data-arco-era5/ar/full_37-1h-0p25deg-chunk-1.zarr-v3/temperature/926490.0.0.0 to local cache[0m
[32m2026-07-20 16:13:55.568[0m | [34m[1mDEBUG   [0m | [36mearth2studio.data.utils[0m:[36m_make_local_details[0m:[36m1070[0m - [34m[1mCopying /gcp-public-data-arco-era5/ar/full_37-1h-0p25deg-chunk-1.zarr-v3/volumetric_soil_water_layer_2/926490.0.0 to local cache[0m
[32m2026-07-20 16:13:55.571[0m | [34m[1mDEBUG   [0m | [36mearth2studio.data.utils[0m:[36m_make_local_details[0m:[36m1070[0m - [34m[1mCopying /gcp-public-data-arco-era5/ar/full_37-1h-0p25deg-chunk-1.zarr-v3/skin_temperature/926490.0.0 to local cache[0m
[32m2026-07-20 16:13:55.572[0m | [34m[1mDEBUG   [0m | [36mearth2studio.data.utils[0m:[36m_make_local_details[0m:[36m1070[0m - [34m[1mCopying /gcp-public-data-arco-era5/ar/full_37-1h-0p25deg-chunk-1.zarr-v3/2m_dewpoint_temperature/926490.0.0 to local cache[0m
[32m2026-07-20 16:13:55.573[0m | [34m[1mDEBUG   [0m | [36mearth2studio.data.utils[0m:[36m_make_local_details[0m:[36m1070[0m - [34m[1mCopying /gcp-public-data-arco-era5/ar/full_37-1h-0p25deg-chunk-1.zarr-v3/2m_temperature/926490.0.0 to local cache[0m
[32m2026-07-20 16:13:55.576[0m | [34m[1mDEBUG   [0m | [36mearth2studio.data.utils[0m:[36m_make_local_details[0m:[36m1070[0m - [34m[1mCopying /gcp-public-data-arco-era5/ar/full_37-1h-0p25deg-chunk-1.zarr-v3/v_component_of_wind/926490.0.0.0 to local cache[0m
[32m2026-07-20 16:13:55.587[0m | [34m[1mDEBUG   [0m | [36mearth2studio.data.utils[0m:[36m_make_local_details[0m:[36m1070[0m - [34m[1mCopying /gcp-public-data-arco-era5/ar/full_37-1h-0p25deg-chunk-1.zarr-v3/soil_temperature_level_2/926490.0.0 to local cache[0m
[32m2026-07-20 16:13:55.597[0m | [34m[1mDEBUG   [0m | [36mearth2studio.data.utils[0m:[36m_make_local_details[0m:[36m1070[0m - [34m[1mCopying /gcp-public-data-arco-era5/ar/full_37-1h-0p25deg-chunk-1.zarr-v3/specific_humidity/926490.0.0.0 to local cache[0m
[32m2026-07-20 16:14:01.565[0m | [34m[1mDEBUG   [0m | [36mearth2studio.data.utils[0m:[36m_make_local_details[0m:[36m1070[0m - [34m[1mCopying /gcp-public-data-arco-era5/ar/full_37-1h-0p25deg-chunk-1.zarr-v3/volumetric_soil_water_layer_2/926496.0.0 to local cache[0m
[32m2026-07-20 16:14:01.566[0m | [34m[1mDEBUG   [0m | [36mearth2studio.data.utils[0m:[36m_make_local_details[0m:[36m1070[0m - [34m[1mCopying /gcp-public-data-arco-era5/ar/full_37-1h-0p25deg-chunk-1.zarr-v3/vertical_velocity/926496.0.0.0 to local cache[0m
[32m2026-07-20 16:14:01.567[0m | [34m[1mDEBUG   [0m | [36mearth2studio.data.utils[0m:[36m_make_local_details[0m:[36m1070[0m - [34m[1mCopying /gcp-public-data-arco-era5/ar/full_37-1h-0p25deg-chunk-1.zarr-v3/2m_temperature/926496.0.0 to local cache[0m
[32m2026-07-20 16:14:01.569[0m | [34m[1mDEBUG   [0m | [36mearth2studio.data.utils[0m:[36m_make_local_details[0m:[36m1070[0m - [34m[1mCopying /gcp-public-data-arco-era5/ar/full_37-1h-0p25deg-chunk-1.zarr-v3/soil_temperature_level_2/926496.0.0 to local cache[0m
[32m2026-07-20 16:14:01.572[0m | [34m[1mDEBUG   [0m | [36mearth2studio.data.utils[0m:[36m_make_local_details[0m:[36m1070[0m - [34m[1mCopying /gcp-public-data-arco-era5/ar/full_37-1h-0p25deg-chunk-1.zarr-v3/u_component_of_wind/926496.0.0.0 to local cache[0m
[32m2026-07-20 16:14:01.572[0m | [34m[1mDEBUG   [0m | [36mearth2studio.data.utils[0m:[36m_make_local_details[0m:[36m1070[0m - [34m[1mCopying /gcp-public-data-arco-era5/ar/full_37-1h-0p25deg-chunk-1.zarr-v3/total_column_water/926496.0.0 to local cache[0m
[32m2026-07-20 16:14:01.582[0m | [34m[1mDEBUG   [0m | [36mearth2studio.data.utils[0m:[36m_make_local_details[0m:[36m1070[0m - [34m[1mCopying /gcp-public-data-arco-era5/ar/full_37-1h-0p25deg-chunk-1.zarr-v3/2m_dewpoint_temperature/926496.0.0 to local cache[0m
[32m2026-07-20 16:14:01.588[0m | [34m[1mDEBUG   [0m | [36mearth2studio.data.utils[0m:[36m_make_local_details[0m:[36m1070[0m - [34m[1mCopying /gcp-public-data-arco-era5/ar/full_37-1h-0p25deg-chunk-1.zarr-v3/geopotential/926496.0.0.0 to local cache[0m
[32m2026-07-20 16:14:01.596[0m | [34m[1mDEBUG   [0m | [36mearth2studio.data.utils[0m:[36m_make_local_details[0m:[36m1070[0m - [34m[1mCopying /gcp-public-data-arco-era5/ar/full_37-1h-0p25deg-chunk-1.zarr-v3/specific_humidity/926496.0.0.0 to local cache[0m
[32m2026-07-20 16:14:01.600[0m | [34m[1mDEBUG   [0m | [36mearth2studio.data.utils[0m:[36m_make_local_details[0m:[36m1070[0m - [34m[1mCopying /gcp-public-data-arco-era5/ar/full_37-1h-0p25deg-chunk-1.zarr-v3/skin_temperature/926496.0.0 to local cache[0m
[32m2026-07-20 16:14:01.661[0m | [34m[1mDEBUG   [0m | [36mearth2studio.data.utils[0m:[36m_make_local_details[0m:[36m1070[0m - [34m[1mCopying /gcp-public-data-arco-era5/ar/full_37-1h-0p25deg-chunk-1.zarr-v3/temperature/926496.0.0.0 to local cache[0m
[32m2026-07-20 16:14:01.667[0m | [34m[1mDEBUG   [0m | [36mearth2studio.data.utils[0m:[36m_make_local_details[0m:[36m1070[0m - [34m[1mCopying /gcp-public-data-arco-era5/ar/full_37-1h-0p25deg-chunk-1.zarr-v3/volumetric_soil_water_layer_1/926496.0.0 to local cache[0m
[32m2026-07-20 16:14:01.668[0m | [34m[1mDEBUG   [0m | [36mearth2studio.data.utils[0m:[36m_make_local_details[0m:[36m1070[0m - [34m[1mCopying /gcp-public-data-arco-era5/ar/full_37-1h-0p25deg-chunk-1.zarr-v3/soil_temperature_level_1/926496.0.0 to local cache[0m
[32m2026-07-20 16:14:01.668[0m | [34m[1mDEBUG   [0m | [36mearth2studio.data.utils[0m:[36m_make_local_details[0m:[36m1070[0m - [34m[1mCopying /gcp-public-data-arco-era5/ar/full_37-1h-0p25deg-chunk-1.zarr-v3/mean_sea_level_pressure/926496.0.0 to local cache[0m
[32m2026-07-20 16:14:01.676[0m | [34m[1mDEBUG   [0m | [36mearth2studio.data.utils[0m:[36m_make_local_details[0m:[36m1070[0m - [34m[1mCopying /gcp-public-data-arco-era5/ar/full_37-1h-0p25deg-chunk-1.zarr-v3/10m_v_component_of_wind/926496.0.0 to local cache[0m
[32m2026-07-20 16:14:01.680[0m | [34m[1mDEBUG   [0m | [36mearth2studio.data.utils[0m:[36m_make_local_details[0m:[36m1070[0m - [34m[1mCopying /gcp-public-data-arco-era5/ar/full_37-1h-0p25deg-chunk-1.zarr-v3/surface_pressure/926496.0.0 to local cache[0m
[32m2026-07-20 16:14:01.703[0m | [34m[1mDEBUG   [0m | [36mearth2studio.data.utils[0m:[36m_make_local_details[0m:[36m1070[0m - [34m[1mCopying /gcp-public-data-arco-era5/ar/full_37-1h-0p25deg-chunk-1.zarr-v3/10m_u_component_of_wind/926496.0.0 to local cache[0m
[32m2026-07-20 16:14:01.720[0m | [34m[1mDEBUG   [0m | [36mearth2studio.data.utils[0m:[36m_make_local_details[0m:[36m1070[0m - [34m[1mCopying /gcp-public-data-arco-era5/ar/full_37-1h-0p25deg-chunk-1.zarr-v3/v_component_of_wind/926496.0.0.0 to local cache[0m
No climatology for 7 vars, using sample spatial mean: ['d2m', 'skt', 'tcw', 'swvl1', 'swvl2', 'stl1', 'stl2']
[32m2026-07-20 16:14:07.837[0m | [34m[1mDEBUG   [0m | [36mearth2studio.data.utils[0m:[36m_make_local_details[0m:[36m1070[0m - [34m[1mCopying /weatherbench2/datasets/era5-hourly-climatology/1990-2019_6h_1440x721.zarr/.zattrs to local cache[0m
[32m2026-07-20 16:14:08.682[0m | [34m[1mDEBUG   [0m | [36mearth2studio.data.utils[0m:[36m_make_local_details[0m:[36m1070[0m - [34m[1mCopying /weatherbench2/datasets/era5-hourly-climatology/1990-2019_6h_1440x721.zarr/.zgroup to local cache[0m
[32m2026-07-20 16:14:08.746[0m | [34m[1mDEBUG   [0m | [36mearth2studio.data.utils[0m:[36m_make_local_details[0m:[36m1070[0m - [34m[1mCopying /weatherbench2/datasets/era5-hourly-climatology/1990-2019_6h_1440x721.zarr/.zmetadata to local cache[0m
[32m2026-07-20 16:14:09.155[0m | [34m[1mDEBUG   [0m | [36mearth2studio.data.utils[0m:[36m_make_local_details[0m:[36m1070[0m - [34m[1mCopying /weatherbench2/datasets/era5-hourly-climatology/1990-2019_6h_1440x721.zarr/level/0 to local cache[0m
[32m2026-07-20 16:14:09.455[0m | [34m[1mDEBUG   [0m | [36mearth2studio.data.utils[0m:[36m_make_local_details[0m:[36m1070[0m - [34m[1mCopying /weatherbench2/datasets/era5-hourly-climatology/1990-2019_6h_1440x721.zarr/latitude/0 to local cache[0m
[32m2026-07-20 16:14:09.752[0m | [34m[1mDEBUG   [0m | [36mearth2studio.data.utils[0m:[36m_make_local_details[0m:[36m1070[0m - [34m[1mCopying /weatherbench2/datasets/era5-hourly-climatology/1990-2019_6h_1440x721.zarr/longitude/0 to local cache[0m
[32m2026-07-20 16:14:09.944[0m | [34m[1mDEBUG   [0m | [36mearth2studio.data.wb2[0m:[36mfetch_array[0m:[36m633[0m - [34m[1mFetching WB2 climatology zarr array for variable: t850 at 2005-09-10T18:00:00[0m
[32m2026-07-20 16:14:09.944[0m | [34m[1mDEBUG   [0m | [36mearth2studio.data.wb2[0m:[36mfetch_array[0m:[36m633[0m - [34m[1mFetching WB2 climatology zarr array for variable: w200 at 2005-09-10T18:00:00[0m
[32m2026-07-20 16:14:09.944[0m | [34m[1mDEBUG   [0m | [36mearth2studio.data.wb2[0m:[36mfetch_array[0m:[36m633[0m - [34m[1mFetching WB2 climatology zarr array for variable: q500 at 2005-09-10T18:00:00[0m
[32m2026-07-20 16:14:09.945[0m | [34m[1mDEBUG   [0m | [36mearth2studio.data.wb2[0m:[36mfetch_array[0m:[36m633[0m - [34m[1mFetching WB2 climatology zarr array for variable: u400 at 2005-09-10T18:00:00[0m
[32m2026-07-20 16:14:09.945[0m | [34m[1mDEBUG   [0m | [36mearth2studio.data.wb2[0m:[36mfetch_array[0m:[36m633[0m - [34m[1mFetching WB2 climatology zarr array for variable: t400 at 2005-09-10T18:00:00[0m
[32m2026-07-20 16:14:09.946[0m | [34m[1mDEBUG   [0m | [36mearth2studio.data.wb2[0m:[36mfetch_array[0m:[36m633[0m - [34m[1mFetching WB2 climatology zarr array for variable: z200 at 2005-09-10T18:00:00[0m
[32m2026-07-20 16:14:09.946[0m | [34m[1mDEBUG   [0m | [36mearth2studio.data.wb2[0m:[36mfetch_array[0m:[36m633[0m - [34m[1mFetching WB2 climatology zarr array for variable: t600 at 2005-09-10T18:00:00[0m
[32m2026-07-20 16:14:09.946[0m | [34m[1mDEBUG   [0m | [36mearth2studio.data.wb2[0m:[36mfetch_array[0m:[36m633[0m - [34m[1mFetching WB2 climatology zarr array for variable: u50 at 2005-09-10T18:00:00[0m
[32m2026-07-20 16:14:09.947[0m | [34m[1mDEBUG   [0m | [36mearth2studio.data.wb2[0m:[36mfetch_array[0m:[36m633[0m - [34m[1mFetching WB2 climatology zarr array for variable: w925 at 2005-09-10T18:00:00[0m
[32m2026-07-20 16:14:09.947[0m | [34m[1mDEBUG   [0m | [36mearth2studio.data.wb2[0m:[36mfetch_array[0m:[36m633[0m - [34m[1mFetching WB2 climatology zarr array for variable: w850 at 2005-09-10T18:00:00[0m
[32m2026-07-20 16:14:09.947[0m | [34m[1mDEBUG   [0m | [36mearth2studio.data.wb2[0m:[36mfetch_array[0m:[36m633[0m - [34m[1mFetching WB2 climatology zarr array for variable: w250 at 2005-09-10T18:00:00[0m
[32m2026-07-20 16:14:09.947[0m | [34m[1mDEBUG   [0m | [36mearth2studio.data.wb2[0m:[36mfetch_array[0m:[36m633[0m - [34m[1mFetching WB2 climatology zarr array for variable: v500 at 2005-09-10T18:00:00[0m
[32m2026-07-20 16:14:09.948[0m | [34m[1mDEBUG   [0m | [36mearth2studio.data.wb2[0m:[36mfetch_array[0m:[36m633[0m - [34m[1mFetching WB2 climatology zarr array for variable: q400 at 2005-09-10T18:00:00[0m
[32m2026-07-20 16:14:09.948[0m | [34m[1mDEBUG   [0m | [36mearth2studio.data.wb2[0m:[36mfetch_array[0m:[36m633[0m - [34m[1mFetching WB2 climatology zarr array for variable: v925 at 2005-09-10T18:00:00[0m
[32m2026-07-20 16:14:09.948[0m | [34m[1mDEBUG   [0m | [36mearth2studio.data.wb2[0m:[36mfetch_array[0m:[36m633[0m - [34m[1mFetching WB2 climatology zarr array for variable: t500 at 2005-09-10T18:00:00[0m
[32m2026-07-20 16:14:09.949[0m | [34m[1mDEBUG   [0m | [36mearth2studio.data.wb2[0m:[36mfetch_array[0m:[36m633[0m - [34m[1mFetching WB2 climatology zarr array for variable: w500 at 2005-09-10T18:00:00[0m
[32m2026-07-20 16:14:09.949[0m | [34m[1mDEBUG   [0m | [36mearth2studio.data.wb2[0m:[36mfetch_array[0m:[36m633[0m - [34m[1mFetching WB2 climatology zarr array for variable: w150 at 2005-09-10T18:00:00[0m
[32m2026-07-20 16:14:09.949[0m | [34m[1mDEBUG   [0m | [36mearth2studio.data.wb2[0m:[36mfetch_array[0m:[36m633[0m - [34m[1mFetching WB2 climatology zarr array for variable: z100 at 2005-09-10T18:00:00[0m
[32m2026-07-20 16:14:09.950[0m | [34m[1mDEBUG   [0m | [36mearth2studio.data.wb2[0m:[36mfetch_array[0m:[36m633[0m - [34m[1mFetching WB2 climatology zarr array for variable: t2m at 2005-09-10T18:00:00[0m
[32m2026-07-20 16:14:09.950[0m | [34m[1mDEBUG   [0m | [36mearth2studio.data.wb2[0m:[36mfetch_array[0m:[36m633[0m - [34m[1mFetching WB2 climatology zarr array for variable: u1000 at 2005-09-10T18:00:00[0m
[32m2026-07-20 16:14:09.950[0m | [34m[1mDEBUG   [0m | [36mearth2studio.data.wb2[0m:[36mfetch_array[0m:[36m633[0m - [34m[1mFetching WB2 climatology zarr array for variable: q200 at 2005-09-10T18:00:00[0m
[32m2026-07-20 16:14:09.951[0m | [34m[1mDEBUG   [0m | [36mearth2studio.data.wb2[0m:[36mfetch_array[0m:[36m633[0m - [34m[1mFetching WB2 climatology zarr array for variable: t1000 at 2005-09-10T18:00:00[0m
[32m2026-07-20 16:14:09.951[0m | [34m[1mDEBUG   [0m | [36mearth2studio.data.wb2[0m:[36mfetch_array[0m:[36m633[0m - [34m[1mFetching WB2 climatology zarr array for variable: v700 at 2005-09-10T18:00:00[0m
[32m2026-07-20 16:14:09.951[0m | [34m[1mDEBUG   [0m | [36mearth2studio.data.wb2[0m:[36mfetch_array[0m:[36m633[0m - [34m[1mFetching WB2 climatology zarr array for variable: q50 at 2005-09-10T18:00:00[0m
[32m2026-07-20 16:14:09.951[0m | [34m[1mDEBUG   [0m | [36mearth2studio.data.wb2[0m:[36mfetch_array[0m:[36m633[0m - [34m[1mFetching WB2 climatology zarr array for variable: t50 at 2005-09-10T18:00:00[0m
[32m2026-07-20 16:14:09.952[0m | [34m[1mDEBUG   [0m | [36mearth2studio.data.wb2[0m:[36mfetch_array[0m:[36m633[0m - [34m[1mFetching WB2 climatology zarr array for variable: msl at 2005-09-10T18:00:00[0m
[32m2026-07-20 16:14:09.952[0m | [34m[1mDEBUG   [0m | [36mearth2studio.data.wb2[0m:[36mfetch_array[0m:[36m633[0m - [34m[1mFetching WB2 climatology zarr array for variable: z850 at 2005-09-10T18:00:00[0m
[32m2026-07-20 16:14:09.952[0m | [34m[1mDEBUG   [0m | [36mearth2studio.data.wb2[0m:[36mfetch_array[0m:[36m633[0m - [34m[1mFetching WB2 climatology zarr array for variable: t300 at 2005-09-10T18:00:00[0m
[32m2026-07-20 16:14:09.952[0m | [34m[1mDEBUG   [0m | [36mearth2studio.data.wb2[0m:[36mfetch_array[0m:[36m633[0m - [34m[1mFetching WB2 climatology zarr array for variable: w100 at 2005-09-10T18:00:00[0m
[32m2026-07-20 16:14:09.953[0m | [34m[1mDEBUG   [0m | [36mearth2studio.data.wb2[0m:[36mfetch_array[0m:[36m633[0m - [34m[1mFetching WB2 climatology zarr array for variable: u925 at 2005-09-10T18:00:00[0m
[32m2026-07-20 16:14:09.953[0m | [34m[1mDEBUG   [0m | [36mearth2studio.data.wb2[0m:[36mfetch_array[0m:[36m633[0m - [34m[1mFetching WB2 climatology zarr array for variable: z600 at 2005-09-10T18:00:00[0m
[32m2026-07-20 16:14:09.953[0m | [34m[1mDEBUG   [0m | [36mearth2studio.data.wb2[0m:[36mfetch_array[0m:[36m633[0m - [34m[1mFetching WB2 climatology zarr array for variable: t250 at 2005-09-10T18:00:00[0m
[32m2026-07-20 16:14:09.954[0m | [34m[1mDEBUG   [0m | [36mearth2studio.data.wb2[0m:[36mfetch_array[0m:[36m633[0m - [34m[1mFetching WB2 climatology zarr array for variable: w700 at 2005-09-10T18:00:00[0m
[32m2026-07-20 16:14:09.954[0m | [34m[1mDEBUG   [0m | [36mearth2studio.data.wb2[0m:[36mfetch_array[0m:[36m633[0m - [34m[1mFetching WB2 climatology zarr array for variable: v200 at 2005-09-10T18:00:00[0m
[32m2026-07-20 16:14:09.954[0m | [34m[1mDEBUG   [0m | [36mearth2studio.data.wb2[0m:[36mfetch_array[0m:[36m633[0m - [34m[1mFetching WB2 climatology zarr array for variable: u250 at 2005-09-10T18:00:00[0m
[32m2026-07-20 16:14:09.954[0m | [34m[1mDEBUG   [0m | [36mearth2studio.data.wb2[0m:[36mfetch_array[0m:[36m633[0m - [34m[1mFetching WB2 climatology zarr array for variable: u700 at 2005-09-10T18:00:00[0m
[32m2026-07-20 16:14:09.955[0m | [34m[1mDEBUG   [0m | [36mearth2studio.data.wb2[0m:[36mfetch_array[0m:[36m633[0m - [34m[1mFetching WB2 climatology zarr array for variable: z300 at 2005-09-10T18:00:00[0m
[32m2026-07-20 16:14:09.955[0m | [34m[1mDEBUG   [0m | [36mearth2studio.data.wb2[0m:[36mfetch_array[0m:[36m633[0m - [34m[1mFetching WB2 climatology zarr array for variable: v850 at 2005-09-10T18:00:00[0m
[32m2026-07-20 16:14:09.955[0m | [34m[1mDEBUG   [0m | [36mearth2studio.data.wb2[0m:[36mfetch_array[0m:[36m633[0m - [34m[1mFetching WB2 climatology zarr array for variable: v400 at 2005-09-10T18:00:00[0m
[32m2026-07-20 16:14:09.956[0m | [34m[1mDEBUG   [0m | [36mearth2studio.data.wb2[0m:[36mfetch_array[0m:[36m633[0m - [34m[1mFetching WB2 climatology zarr array for variable: u600 at 2005-09-10T18:00:00[0m
[32m2026-07-20 16:14:09.956[0m | [34m[1mDEBUG   [0m | [36mearth2studio.data.wb2[0m:[36mfetch_array[0m:[36m633[0m - [34m[1mFetching WB2 climatology zarr array for variable: q100 at 2005-09-10T18:00:00[0m
[32m2026-07-20 16:14:09.956[0m | [34m[1mDEBUG   [0m | [36mearth2studio.data.wb2[0m:[36mfetch_array[0m:[36m633[0m - [34m[1mFetching WB2 climatology zarr array for variable: u150 at 2005-09-10T18:00:00[0m
[32m2026-07-20 16:14:09.957[0m | [34m[1mDEBUG   [0m | [36mearth2studio.data.wb2[0m:[36mfetch_array[0m:[36m633[0m - [34m[1mFetching WB2 climatology zarr array for variable: z50 at 2005-09-10T18:00:00[0m
[32m2026-07-20 16:14:09.957[0m | [34m[1mDEBUG   [0m | [36mearth2studio.data.wb2[0m:[36mfetch_array[0m:[36m633[0m - [34m[1mFetching WB2 climatology zarr array for variable: q700 at 2005-09-10T18:00:00[0m
[32m2026-07-20 16:14:09.959[0m | [34m[1mDEBUG   [0m | [36mearth2studio.data.wb2[0m:[36mfetch_array[0m:[36m633[0m - [34m[1mFetching WB2 climatology zarr array for variable: q1000 at 2005-09-10T18:00:00[0m
[32m2026-07-20 16:14:09.959[0m | [34m[1mDEBUG   [0m | [36mearth2studio.data.wb2[0m:[36mfetch_array[0m:[36m633[0m - [34m[1mFetching WB2 climatology zarr array for variable: z250 at 2005-09-10T18:00:00[0m
[32m2026-07-20 16:14:09.959[0m | [34m[1mDEBUG   [0m | [36mearth2studio.data.wb2[0m:[36mfetch_array[0m:[36m633[0m - [34m[1mFetching WB2 climatology zarr array for variable: u10m at 2005-09-10T18:00:00[0m
[32m2026-07-20 16:14:09.960[0m | [34m[1mDEBUG   [0m | [36mearth2studio.data.wb2[0m:[36mfetch_array[0m:[36m633[0m - [34m[1mFetching WB2 climatology zarr array for variable: v10m at 2005-09-10T18:00:00[0m
[32m2026-07-20 16:14:09.960[0m | [34m[1mDEBUG   [0m | [36mearth2studio.data.wb2[0m:[36mfetch_array[0m:[36m633[0m - [34m[1mFetching WB2 climatology zarr array for variable: v100 at 2005-09-10T18:00:00[0m
[32m2026-07-20 16:14:09.960[0m | [34m[1mDEBUG   [0m | [36mearth2studio.data.wb2[0m:[36mfetch_array[0m:[36m633[0m - [34m[1mFetching WB2 climatology zarr array for variable: z150 at 2005-09-10T18:00:00[0m
[32m2026-07-20 16:14:09.961[0m | [34m[1mDEBUG   [0m | [36mearth2studio.data.wb2[0m:[36mfetch_array[0m:[36m633[0m - [34m[1mFetching WB2 climatology zarr array for variable: q150 at 2005-09-10T18:00:00[0m
[32m2026-07-20 16:14:09.961[0m | [34m[1mDEBUG   [0m | [36mearth2studio.data.wb2[0m:[36mfetch_array[0m:[36m633[0m - [34m[1mFetching WB2 climatology zarr array for variable: t925 at 2005-09-10T18:00:00[0m
[32m2026-07-20 16:14:09.961[0m | [34m[1mDEBUG   [0m | [36mearth2studio.data.wb2[0m:[36mfetch_array[0m:[36m633[0m - [34m[1mFetching WB2 climatology zarr array for variable: v250 at 2005-09-10T18:00:00[0m
[32m2026-07-20 16:14:09.961[0m | [34m[1mDEBUG   [0m | [36mearth2studio.data.wb2[0m:[36mfetch_array[0m:[36m633[0m - [34m[1mFetching WB2 climatology zarr array for variable: w1000 at 2005-09-10T18:00:00[0m
[32m2026-07-20 16:14:09.962[0m | [34m[1mDEBUG   [0m | [36mearth2studio.data.wb2[0m:[36mfetch_array[0m:[36m633[0m - [34m[1mFetching WB2 climatology zarr array for variable: u850 at 2005-09-10T18:00:00[0m
[32m2026-07-20 16:14:09.962[0m | [34m[1mDEBUG   [0m | [36mearth2studio.data.wb2[0m:[36mfetch_array[0m:[36m633[0m - [34m[1mFetching WB2 climatology zarr array for variable: v600 at 2005-09-10T18:00:00[0m
[32m2026-07-20 16:14:09.962[0m | [34m[1mDEBUG   [0m | [36mearth2studio.data.wb2[0m:[36mfetch_array[0m:[36m633[0m - [34m[1mFetching WB2 climatology zarr array for variable: u200 at 2005-09-10T18:00:00[0m
[32m2026-07-20 16:14:09.963[0m | [34m[1mDEBUG   [0m | [36mearth2studio.data.wb2[0m:[36mfetch_array[0m:[36m633[0m - [34m[1mFetching WB2 climatology zarr array for variable: z400 at 2005-09-10T18:00:00[0m
[32m2026-07-20 16:14:09.963[0m | [34m[1mDEBUG   [0m | [36mearth2studio.data.wb2[0m:[36mfetch_array[0m:[36m633[0m - [34m[1mFetching WB2 climatology zarr array for variable: q850 at 2005-09-10T18:00:00[0m
[32m2026-07-20 16:14:09.963[0m | [34m[1mDEBUG   [0m | [36mearth2studio.data.wb2[0m:[36mfetch_array[0m:[36m633[0m - [34m[1mFetching WB2 climatology zarr array for variable: t200 at 2005-09-10T18:00:00[0m
[32m2026-07-20 16:14:09.963[0m | [34m[1mDEBUG   [0m | [36mearth2studio.data.wb2[0m:[36mfetch_array[0m:[36m633[0m - [34m[1mFetching WB2 climatology zarr array for variable: z500 at 2005-09-10T18:00:00[0m
[32m2026-07-20 16:14:09.964[0m | [34m[1mDEBUG   [0m | [36mearth2studio.data.wb2[0m:[36mfetch_array[0m:[36m633[0m - [34m[1mFetching WB2 climatology zarr array for variable: t150 at 2005-09-10T18:00:00[0m
[32m2026-07-20 16:14:09.964[0m | [34m[1mDEBUG   [0m | [36mearth2studio.data.wb2[0m:[36mfetch_array[0m:[36m633[0m - [34m[1mFetching WB2 climatology zarr array for variable: z700 at 2005-09-10T18:00:00[0m
[32m2026-07-20 16:14:09.964[0m | [34m[1mDEBUG   [0m | [36mearth2studio.data.wb2[0m:[36mfetch_array[0m:[36m633[0m - [34m[1mFetching WB2 climatology zarr array for variable: z1000 at 2005-09-10T18:00:00[0m
[32m2026-07-20 16:14:09.964[0m | [34m[1mDEBUG   [0m | [36mearth2studio.data.wb2[0m:[36mfetch_array[0m:[36m633[0m - [34m[1mFetching WB2 climatology zarr array for variable: t100 at 2005-09-10T18:00:00[0m
[32m2026-07-20 16:14:09.965[0m | [34m[1mDEBUG   [0m | [36mearth2studio.data.wb2[0m:[36mfetch_array[0m:[36m633[0m - [34m[1mFetching WB2 climatology zarr array for variable: z925 at 2005-09-10T18:00:00[0m
[32m2026-07-20 16:14:09.965[0m | [34m[1mDEBUG   [0m | [36mearth2studio.data.wb2[0m:[36mfetch_array[0m:[36m633[0m - [34m[1mFetching WB2 climatology zarr array for variable: q925 at 2005-09-10T18:00:00[0m
[32m2026-07-20 16:14:09.965[0m | [34m[1mDEBUG   [0m | [36mearth2studio.data.wb2[0m:[36mfetch_array[0m:[36m633[0m - [34m[1mFetching WB2 climatology zarr array for variable: w600 at 2005-09-10T18:00:00[0m
[32m2026-07-20 16:14:09.966[0m | [34m[1mDEBUG   [0m | [36mearth2studio.data.wb2[0m:[36mfetch_array[0m:[36m633[0m - [34m[1mFetching WB2 climatology zarr array for variable: t700 at 2005-09-10T18:00:00[0m
[32m2026-07-20 16:14:09.966[0m | [34m[1mDEBUG   [0m | [36mearth2studio.data.wb2[0m:[36mfetch_array[0m:[36m633[0m - [34m[1mFetching WB2 climatology zarr array for variable: w300 at 2005-09-10T18:00:00[0m
[32m2026-07-20 16:14:09.966[0m | [34m[1mDEBUG   [0m | [36mearth2studio.data.wb2[0m:[36mfetch_array[0m:[36m633[0m - [34m[1mFetching WB2 climatology zarr array for variable: w400 at 2005-09-10T18:00:00[0m
[32m2026-07-20 16:14:09.966[0m | [34m[1mDEBUG   [0m | [36mearth2studio.data.wb2[0m:[36mfetch_array[0m:[36m633[0m - [34m[1mFetching WB2 climatology zarr array for variable: q600 at 2005-09-10T18:00:00[0m
[32m2026-07-20 16:14:09.967[0m | [34m[1mDEBUG   [0m | [36mearth2studio.data.wb2[0m:[36mfetch_array[0m:[36m633[0m - [34m[1mFetching WB2 climatology zarr array for variable: v1000 at 2005-09-10T18:00:00[0m
[32m2026-07-20 16:14:09.967[0m | [34m[1mDEBUG   [0m | [36mearth2studio.data.wb2[0m:[36mfetch_array[0m:[36m633[0m - [34m[1mFetching WB2 climatology zarr array for variable: w50 at 2005-09-10T18:00:00[0m
[32m2026-07-20 16:14:09.967[0m | [34m[1mDEBUG   [0m | [36mearth2studio.data.wb2[0m:[36mfetch_array[0m:[36m633[0m - [34m[1mFetching WB2 climatology zarr array for variable: sp at 2005-09-10T18:00:00[0m
[32m2026-07-20 16:14:09.967[0m | [34m[1mDEBUG   [0m | [36mearth2studio.data.wb2[0m:[36mfetch_array[0m:[36m633[0m - [34m[1mFetching WB2 climatology zarr array for variable: u100 at 2005-09-10T18:00:00[0m
[32m2026-07-20 16:14:09.968[0m | [34m[1mDEBUG   [0m | [36mearth2studio.data.wb2[0m:[36mfetch_array[0m:[36m633[0m - [34m[1mFetching WB2 climatology zarr array for variable: v300 at 2005-09-10T18:00:00[0m
[32m2026-07-20 16:14:09.968[0m | [34m[1mDEBUG   [0m | [36mearth2studio.data.wb2[0m:[36mfetch_array[0m:[36m633[0m - [34m[1mFetching WB2 climatology zarr array for variable: q250 at 2005-09-10T18:00:00[0m
[32m2026-07-20 16:14:09.968[0m | [34m[1mDEBUG   [0m | [36mearth2studio.data.wb2[0m:[36mfetch_array[0m:[36m633[0m - [34m[1mFetching WB2 climatology zarr array for variable: u500 at 2005-09-10T18:00:00[0m
[32m2026-07-20 16:14:09.969[0m | [34m[1mDEBUG   [0m | [36mearth2studio.data.wb2[0m:[36mfetch_array[0m:[36m633[0m - [34m[1mFetching WB2 climatology zarr array for variable: u300 at 2005-09-10T18:00:00[0m
[32m2026-07-20 16:14:09.969[0m | [34m[1mDEBUG   [0m | [36mearth2studio.data.wb2[0m:[36mfetch_array[0m:[36m633[0m - [34m[1mFetching WB2 climatology zarr array for variable: q300 at 2005-09-10T18:00:00[0m
[32m2026-07-20 16:14:09.972[0m | [34m[1mDEBUG   [0m | [36mearth2studio.data.wb2[0m:[36mfetch_array[0m:[36m633[0m - [34m[1mFetching WB2 climatology zarr array for variable: v150 at 2005-09-10T18:00:00[0m
[32m2026-07-20 16:14:09.973[0m | [34m[1mDEBUG   [0m | [36mearth2studio.data.wb2[0m:[36mfetch_array[0m:[36m633[0m - [34m[1mFetching WB2 climatology zarr array for variable: v50 at 2005-09-10T18:00:00[0m
[32m2026-07-20 16:14:10.221[0m | [34m[1mDEBUG   [0m | [36mearth2studio.data.utils[0m:[36m_make_local_details[0m:[36m1070[0m - [34m[1mCopying /weatherbench2/datasets/era5-hourly-climatology/1990-2019_6h_1440x721.zarr/temperature/1.84.10.0.0 to local cache[0m
[32m2026-07-20 16:14:10.360[0m | [34m[1mDEBUG   [0m | [36mearth2studio.data.utils[0m:[36m_make_local_details[0m:[36m1070[0m - [34m[1mCopying /weatherbench2/datasets/era5-hourly-climatology/1990-2019_6h_1440x721.zarr/temperature/1.84.11.0.0 to local cache[0m
[32m2026-07-20 16:14:10.389[0m | [34m[1mDEBUG   [0m | [36mearth2studio.data.utils[0m:[36m_make_local_details[0m:[36m1070[0m - [34m[1mCopying /weatherbench2/datasets/era5-hourly-climatology/1990-2019_6h_1440x721.zarr/u_component_of_wind/1.84.6.0.0 to local cache[0m
[32m2026-07-20 16:14:10.395[0m | [34m[1mDEBUG   [0m | [36mearth2studio.data.utils[0m:[36m_make_local_details[0m:[36m1070[0m - [34m[1mCopying /weatherbench2/datasets/era5-hourly-climatology/1990-2019_6h_1440x721.zarr/temperature/1.84.6.0.0 to local cache[0m
[32m2026-07-20 16:14:10.397[0m | [34m[1mDEBUG   [0m | [36mearth2studio.data.utils[0m:[36m_make_local_details[0m:[36m1070[0m - [34m[1mCopying /weatherbench2/datasets/era5-hourly-climatology/1990-2019_6h_1440x721.zarr/geopotential/1.84.3.0.0 to local cache[0m
[32m2026-07-20 16:14:10.399[0m | [34m[1mDEBUG   [0m | [36mearth2studio.data.utils[0m:[36m_make_local_details[0m:[36m1070[0m - [34m[1mCopying /weatherbench2/datasets/era5-hourly-climatology/1990-2019_6h_1440x721.zarr/specific_humidity/1.84.7.0.0 to local cache[0m
[32m2026-07-20 16:14:10.421[0m | [34m[1mDEBUG   [0m | [36mearth2studio.data.utils[0m:[36m_make_local_details[0m:[36m1070[0m - [34m[1mCopying /weatherbench2/datasets/era5-hourly-climatology/1990-2019_6h_1440x721.zarr/v_component_of_wind/1.84.11.0.0 to local cache[0m
[32m2026-07-20 16:14:10.424[0m | [34m[1mDEBUG   [0m | [36mearth2studio.data.utils[0m:[36m_make_local_details[0m:[36m1070[0m - [34m[1mCopying /weatherbench2/datasets/era5-hourly-climatology/1990-2019_6h_1440x721.zarr/vertical_velocity/1.84.10.0.0 to local cache[0m
[32m2026-07-20 16:14:10.426[0m | [34m[1mDEBUG   [0m | [36mearth2studio.data.utils[0m:[36m_make_local_details[0m:[36m1070[0m - [34m[1mCopying /weatherbench2/datasets/era5-hourly-climatology/1990-2019_6h_1440x721.zarr/temperature/1.84.7.0.0 to local cache[0m
[32m2026-07-20 16:14:10.428[0m | [34m[1mDEBUG   [0m | [36mearth2studio.data.utils[0m:[36m_make_local_details[0m:[36m1070[0m - [34m[1mCopying /weatherbench2/datasets/era5-hourly-climatology/1990-2019_6h_1440x721.zarr/vertical_velocity/1.84.3.0.0 to local cache[0m
[32m2026-07-20 16:14:10.429[0m | [34m[1mDEBUG   [0m | [36mearth2studio.data.utils[0m:[36m_make_local_details[0m:[36m1070[0m - [34m[1mCopying /weatherbench2/datasets/era5-hourly-climatology/1990-2019_6h_1440x721.zarr/vertical_velocity/1.84.4.0.0 to local cache[0m
[32m2026-07-20 16:14:10.429[0m | [34m[1mDEBUG   [0m | [36mearth2studio.data.utils[0m:[36m_make_local_details[0m:[36m1070[0m - [34m[1mCopying /weatherbench2/datasets/era5-hourly-climatology/1990-2019_6h_1440x721.zarr/u_component_of_wind/1.84.12.0.0 to local cache[0m
[32m2026-07-20 16:14:10.430[0m | [34m[1mDEBUG   [0m | [36mearth2studio.data.utils[0m:[36m_make_local_details[0m:[36m1070[0m - [34m[1mCopying /weatherbench2/datasets/era5-hourly-climatology/1990-2019_6h_1440x721.zarr/2m_temperature/1.84.0.0 to local cache[0m
[32m2026-07-20 16:14:10.435[0m | [34m[1mDEBUG   [0m | [36mearth2studio.data.utils[0m:[36m_make_local_details[0m:[36m1070[0m - [34m[1mCopying /weatherbench2/datasets/era5-hourly-climatology/1990-2019_6h_1440x721.zarr/vertical_velocity/1.84.11.0.0 to local cache[0m
[32m2026-07-20 16:14:10.436[0m | [34m[1mDEBUG   [0m | [36mearth2studio.data.utils[0m:[36m_make_local_details[0m:[36m1070[0m - [34m[1mCopying /weatherbench2/datasets/era5-hourly-climatology/1990-2019_6h_1440x721.zarr/specific_humidity/1.84.6.0.0 to local cache[0m
[32m2026-07-20 16:14:10.439[0m | [34m[1mDEBUG   [0m | [36mearth2studio.data.utils[0m:[36m_make_local_details[0m:[36m1070[0m - [34m[1mCopying /weatherbench2/datasets/era5-hourly-climatology/1990-2019_6h_1440x721.zarr/u_component_of_wind/1.84.0.0.0 to local cache[0m
[32m2026-07-20 16:14:10.440[0m | [34m[1mDEBUG   [0m | [36mearth2studio.data.utils[0m:[36m_make_local_details[0m:[36m1070[0m - [34m[1mCopying /weatherbench2/datasets/era5-hourly-climatology/1990-2019_6h_1440x721.zarr/v_component_of_wind/1.84.7.0.0 to local cache[0m
[32m2026-07-20 16:14:10.493[0m | [34m[1mDEBUG   [0m | [36mearth2studio.data.utils[0m:[36m_make_local_details[0m:[36m1070[0m - [34m[1mCopying /weatherbench2/datasets/era5-hourly-climatology/1990-2019_6h_1440x721.zarr/u_component_of_wind/1.84.11.0.0 to local cache[0m
[32m2026-07-20 16:14:10.498[0m | [34m[1mDEBUG   [0m | [36mearth2studio.data.utils[0m:[36m_make_local_details[0m:[36m1070[0m - [34m[1mCopying /weatherbench2/datasets/era5-hourly-climatology/1990-2019_6h_1440x721.zarr/geopotential/1.84.4.0.0 to local cache[0m
[32m2026-07-20 16:14:10.498[0m | [34m[1mDEBUG   [0m | [36mearth2studio.data.utils[0m:[36m_make_local_details[0m:[36m1070[0m - [34m[1mCopying /weatherbench2/datasets/era5-hourly-climatology/1990-2019_6h_1440x721.zarr/specific_humidity/1.84.1.0.0 to local cache[0m
[32m2026-07-20 16:14:10.499[0m | [34m[1mDEBUG   [0m | [36mearth2studio.data.utils[0m:[36m_make_local_details[0m:[36m1070[0m - [34m[1mCopying /weatherbench2/datasets/era5-hourly-climatology/1990-2019_6h_1440x721.zarr/vertical_velocity/1.84.9.0.0 to local cache[0m
[32m2026-07-20 16:14:10.502[0m | [34m[1mDEBUG   [0m | [36mearth2studio.data.utils[0m:[36m_make_local_details[0m:[36m1070[0m - [34m[1mCopying /weatherbench2/datasets/era5-hourly-climatology/1990-2019_6h_1440x721.zarr/mean_sea_level_pressure/1.84.0.0 to local cache[0m
[32m2026-07-20 16:14:10.502[0m | [34m[1mDEBUG   [0m | [36mearth2studio.data.utils[0m:[36m_make_local_details[0m:[36m1070[0m - [34m[1mCopying /weatherbench2/datasets/era5-hourly-climatology/1990-2019_6h_1440x721.zarr/specific_humidity/1.84.0.0.0 to local cache[0m
[32m2026-07-20 16:14:10.506[0m | [34m[1mDEBUG   [0m | [36mearth2studio.data.utils[0m:[36m_make_local_details[0m:[36m1070[0m - [34m[1mCopying /weatherbench2/datasets/era5-hourly-climatology/1990-2019_6h_1440x721.zarr/geopotential/1.84.1.0.0 to local cache[0m
[32m2026-07-20 16:14:10.518[0m | [34m[1mDEBUG   [0m | [36mearth2studio.data.utils[0m:[36m_make_local_details[0m:[36m1070[0m - [34m[1mCopying /weatherbench2/datasets/era5-hourly-climatology/1990-2019_6h_1440x721.zarr/specific_humidity/1.84.2.0.0 to local cache[0m
[32m2026-07-20 16:14:10.519[0m | [34m[1mDEBUG   [0m | [36mearth2studio.data.utils[0m:[36m_make_local_details[0m:[36m1070[0m - [34m[1mCopying /weatherbench2/datasets/era5-hourly-climatology/1990-2019_6h_1440x721.zarr/specific_humidity/1.84.9.0.0 to local cache[0m
[32m2026-07-20 16:14:10.520[0m | [34m[1mDEBUG   [0m | [36mearth2studio.data.utils[0m:[36m_make_local_details[0m:[36m1070[0m - [34m[1mCopying /weatherbench2/datasets/era5-hourly-climatology/1990-2019_6h_1440x721.zarr/10m_v_component_of_wind/1.84.0.0 to local cache[0m
[32m2026-07-20 16:14:10.520[0m | [34m[1mDEBUG   [0m | [36mearth2studio.data.utils[0m:[36m_make_local_details[0m:[36m1070[0m - [34m[1mCopying /weatherbench2/datasets/era5-hourly-climatology/1990-2019_6h_1440x721.zarr/v_component_of_wind/1.84.3.0.0 to local cache[0m
[32m2026-07-20 16:14:10.521[0m | [34m[1mDEBUG   [0m | [36mearth2studio.data.utils[0m:[36m_make_local_details[0m:[36m1070[0m - [34m[1mCopying /weatherbench2/datasets/era5-hourly-climatology/1990-2019_6h_1440x721.zarr/temperature/1.84.8.0.0 to local cache[0m
[32m2026-07-20 16:14:10.521[0m | [34m[1mDEBUG   [0m | [36mearth2studio.data.utils[0m:[36m_make_local_details[0m:[36m1070[0m - [34m[1mCopying /weatherbench2/datasets/era5-hourly-climatology/1990-2019_6h_1440x721.zarr/v_component_of_wind/1.84.10.0.0 to local cache[0m
[32m2026-07-20 16:14:10.522[0m | [34m[1mDEBUG   [0m | [36mearth2studio.data.utils[0m:[36m_make_local_details[0m:[36m1070[0m - [34m[1mCopying /weatherbench2/datasets/era5-hourly-climatology/1990-2019_6h_1440x721.zarr/temperature/1.84.5.0.0 to local cache[0m
[32m2026-07-20 16:14:10.533[0m | [34m[1mDEBUG   [0m | [36mearth2studio.data.utils[0m:[36m_make_local_details[0m:[36m1070[0m - [34m[1mCopying /weatherbench2/datasets/era5-hourly-climatology/1990-2019_6h_1440x721.zarr/v_component_of_wind/1.84.1.0.0 to local cache[0m
[32m2026-07-20 16:14:10.535[0m | [34m[1mDEBUG   [0m | [36mearth2studio.data.utils[0m:[36m_make_local_details[0m:[36m1070[0m - [34m[1mCopying /weatherbench2/datasets/era5-hourly-climatology/1990-2019_6h_1440x721.zarr/temperature/1.84.12.0.0 to local cache[0m
[32m2026-07-20 16:14:10.535[0m | [34m[1mDEBUG   [0m | [36mearth2studio.data.utils[0m:[36m_make_local_details[0m:[36m1070[0m - [34m[1mCopying /weatherbench2/datasets/era5-hourly-climatology/1990-2019_6h_1440x721.zarr/vertical_velocity/1.84.1.0.0 to local cache[0m
[32m2026-07-20 16:14:10.539[0m | [34m[1mDEBUG   [0m | [36mearth2studio.data.utils[0m:[36m_make_local_details[0m:[36m1070[0m - [34m[1mCopying /weatherbench2/datasets/era5-hourly-climatology/1990-2019_6h_1440x721.zarr/vertical_velocity/1.84.7.0.0 to local cache[0m
[32m2026-07-20 16:14:10.541[0m | [34m[1mDEBUG   [0m | [36mearth2studio.data.utils[0m:[36m_make_local_details[0m:[36m1070[0m - [34m[1mCopying /weatherbench2/datasets/era5-hourly-climatology/1990-2019_6h_1440x721.zarr/geopotential/1.84.8.0.0 to local cache[0m
[32m2026-07-20 16:14:10.543[0m | [34m[1mDEBUG   [0m | [36mearth2studio.data.utils[0m:[36m_make_local_details[0m:[36m1070[0m - [34m[1mCopying /weatherbench2/datasets/era5-hourly-climatology/1990-2019_6h_1440x721.zarr/specific_humidity/1.84.3.0.0 to local cache[0m
[32m2026-07-20 16:14:10.544[0m | [34m[1mDEBUG   [0m | [36mearth2studio.data.utils[0m:[36m_make_local_details[0m:[36m1070[0m - [34m[1mCopying /weatherbench2/datasets/era5-hourly-climatology/1990-2019_6h_1440x721.zarr/10m_u_component_of_wind/1.84.0.0 to local cache[0m
[32m2026-07-20 16:14:10.544[0m | [34m[1mDEBUG   [0m | [36mearth2studio.data.utils[0m:[36m_make_local_details[0m:[36m1070[0m - [34m[1mCopying /weatherbench2/datasets/era5-hourly-climatology/1990-2019_6h_1440x721.zarr/temperature/1.84.4.0.0 to local cache[0m
[32m2026-07-20 16:14:10.545[0m | [34m[1mDEBUG   [0m | [36mearth2studio.data.utils[0m:[36m_make_local_details[0m:[36m1070[0m - [34m[1mCopying /weatherbench2/datasets/era5-hourly-climatology/1990-2019_6h_1440x721.zarr/specific_humidity/1.84.12.0.0 to local cache[0m
[32m2026-07-20 16:14:10.548[0m | [34m[1mDEBUG   [0m | [36mearth2studio.data.utils[0m:[36m_make_local_details[0m:[36m1070[0m - [34m[1mCopying /weatherbench2/datasets/era5-hourly-climatology/1990-2019_6h_1440x721.zarr/u_component_of_wind/1.84.8.0.0 to local cache[0m
[32m2026-07-20 16:14:10.548[0m | [34m[1mDEBUG   [0m | [36mearth2studio.data.utils[0m:[36m_make_local_details[0m:[36m1070[0m - [34m[1mCopying /weatherbench2/datasets/era5-hourly-climatology/1990-2019_6h_1440x721.zarr/geopotential/1.84.10.0.0 to local cache[0m
[32m2026-07-20 16:14:10.549[0m | [34m[1mDEBUG   [0m | [36mearth2studio.data.utils[0m:[36m_make_local_details[0m:[36m1070[0m - [34m[1mCopying /weatherbench2/datasets/era5-hourly-climatology/1990-2019_6h_1440x721.zarr/u_component_of_wind/1.84.2.0.0 to local cache[0m
[32m2026-07-20 16:14:10.549[0m | [34m[1mDEBUG   [0m | [36mearth2studio.data.utils[0m:[36m_make_local_details[0m:[36m1070[0m - [34m[1mCopying /weatherbench2/datasets/era5-hourly-climatology/1990-2019_6h_1440x721.zarr/v_component_of_wind/1.84.6.0.0 to local cache[0m
[32m2026-07-20 16:14:10.552[0m | [34m[1mDEBUG   [0m | [36mearth2studio.data.utils[0m:[36m_make_local_details[0m:[36m1070[0m - [34m[1mCopying /weatherbench2/datasets/era5-hourly-climatology/1990-2019_6h_1440x721.zarr/geopotential/1.84.0.0.0 to local cache[0m
[32m2026-07-20 16:14:10.555[0m | [34m[1mDEBUG   [0m | [36mearth2studio.data.utils[0m:[36m_make_local_details[0m:[36m1070[0m - [34m[1mCopying /weatherbench2/datasets/era5-hourly-climatology/1990-2019_6h_1440x721.zarr/geopotential/1.84.2.0.0 to local cache[0m
[32m2026-07-20 16:14:10.555[0m | [34m[1mDEBUG   [0m | [36mearth2studio.data.utils[0m:[36m_make_local_details[0m:[36m1070[0m - [34m[1mCopying /weatherbench2/datasets/era5-hourly-climatology/1990-2019_6h_1440x721.zarr/v_component_of_wind/1.84.9.0.0 to local cache[0m
[32m2026-07-20 16:14:10.556[0m | [34m[1mDEBUG   [0m | [36mearth2studio.data.utils[0m:[36m_make_local_details[0m:[36m1070[0m - [34m[1mCopying /weatherbench2/datasets/era5-hourly-climatology/1990-2019_6h_1440x721.zarr/v_component_of_wind/1.84.4.0.0 to local cache[0m
[32m2026-07-20 16:14:10.557[0m | [34m[1mDEBUG   [0m | [36mearth2studio.data.utils[0m:[36m_make_local_details[0m:[36m1070[0m - [34m[1mCopying /weatherbench2/datasets/era5-hourly-climatology/1990-2019_6h_1440x721.zarr/u_component_of_wind/1.84.9.0.0 to local cache[0m
[32m2026-07-20 16:14:10.557[0m | [34m[1mDEBUG   [0m | [36mearth2studio.data.utils[0m:[36m_make_local_details[0m:[36m1070[0m - [34m[1mCopying /weatherbench2/datasets/era5-hourly-climatology/1990-2019_6h_1440x721.zarr/temperature/1.84.0.0.0 to local cache[0m
[32m2026-07-20 16:14:10.559[0m | [34m[1mDEBUG   [0m | [36mearth2studio.data.utils[0m:[36m_make_local_details[0m:[36m1070[0m - [34m[1mCopying /weatherbench2/datasets/era5-hourly-climatology/1990-2019_6h_1440x721.zarr/vertical_velocity/1.84.12.0.0 to local cache[0m
[32m2026-07-20 16:14:10.564[0m | [34m[1mDEBUG   [0m | [36mearth2studio.data.utils[0m:[36m_make_local_details[0m:[36m1070[0m - [34m[1mCopying /weatherbench2/datasets/era5-hourly-climatology/1990-2019_6h_1440x721.zarr/specific_humidity/1.84.10.0.0 to local cache[0m
[32m2026-07-20 16:14:10.565[0m | [34m[1mDEBUG   [0m | [36mearth2studio.data.utils[0m:[36m_make_local_details[0m:[36m1070[0m - [34m[1mCopying /weatherbench2/datasets/era5-hourly-climatology/1990-2019_6h_1440x721.zarr/geopotential/1.84.7.0.0 to local cache[0m
[32m2026-07-20 16:14:10.575[0m | [34m[1mDEBUG   [0m | [36mearth2studio.data.utils[0m:[36m_make_local_details[0m:[36m1070[0m - [34m[1mCopying /weatherbench2/datasets/era5-hourly-climatology/1990-2019_6h_1440x721.zarr/geopotential/1.84.9.0.0 to local cache[0m
[32m2026-07-20 16:14:10.576[0m | [34m[1mDEBUG   [0m | [36mearth2studio.data.utils[0m:[36m_make_local_details[0m:[36m1070[0m - [34m[1mCopying /weatherbench2/datasets/era5-hourly-climatology/1990-2019_6h_1440x721.zarr/temperature/1.84.3.0.0 to local cache[0m
[32m2026-07-20 16:14:10.579[0m | [34m[1mDEBUG   [0m | [36mearth2studio.data.utils[0m:[36m_make_local_details[0m:[36m1070[0m - [34m[1mCopying /weatherbench2/datasets/era5-hourly-climatology/1990-2019_6h_1440x721.zarr/specific_humidity/1.84.11.0.0 to local cache[0m
[32m2026-07-20 16:14:10.580[0m | [34m[1mDEBUG   [0m | [36mearth2studio.data.utils[0m:[36m_make_local_details[0m:[36m1070[0m - [34m[1mCopying /weatherbench2/datasets/era5-hourly-climatology/1990-2019_6h_1440x721.zarr/vertical_velocity/1.84.8.0.0 to local cache[0m
[32m2026-07-20 16:14:10.617[0m | [34m[1mDEBUG   [0m | [36mearth2studio.data.utils[0m:[36m_make_local_details[0m:[36m1070[0m - [34m[1mCopying /weatherbench2/datasets/era5-hourly-climatology/1990-2019_6h_1440x721.zarr/u_component_of_wind/1.84.3.0.0 to local cache[0m
[32m2026-07-20 16:14:10.621[0m | [34m[1mDEBUG   [0m | [36mearth2studio.data.utils[0m:[36m_make_local_details[0m:[36m1070[0m - [34m[1mCopying /weatherbench2/datasets/era5-hourly-climatology/1990-2019_6h_1440x721.zarr/geopotential/1.84.6.0.0 to local cache[0m
[32m2026-07-20 16:14:10.633[0m | [34m[1mDEBUG   [0m | [36mearth2studio.data.utils[0m:[36m_make_local_details[0m:[36m1070[0m - [34m[1mCopying /weatherbench2/datasets/era5-hourly-climatology/1990-2019_6h_1440x721.zarr/specific_humidity/1.84.8.0.0 to local cache[0m
[32m2026-07-20 16:14:10.644[0m | [34m[1mDEBUG   [0m | [36mearth2studio.data.utils[0m:[36m_make_local_details[0m:[36m1070[0m - [34m[1mCopying /weatherbench2/datasets/era5-hourly-climatology/1990-2019_6h_1440x721.zarr/vertical_velocity/1.84.0.0.0 to local cache[0m
[32m2026-07-20 16:14:10.645[0m | [34m[1mDEBUG   [0m | [36mearth2studio.data.utils[0m:[36m_make_local_details[0m:[36m1070[0m - [34m[1mCopying /weatherbench2/datasets/era5-hourly-climatology/1990-2019_6h_1440x721.zarr/vertical_velocity/1.84.5.0.0 to local cache[0m
[32m2026-07-20 16:14:10.650[0m | [34m[1mDEBUG   [0m | [36mearth2studio.data.utils[0m:[36m_make_local_details[0m:[36m1070[0m - [34m[1mCopying /weatherbench2/datasets/era5-hourly-climatology/1990-2019_6h_1440x721.zarr/vertical_velocity/1.84.6.0.0 to local cache[0m
[32m2026-07-20 16:14:10.653[0m | [34m[1mDEBUG   [0m | [36mearth2studio.data.utils[0m:[36m_make_local_details[0m:[36m1070[0m - [34m[1mCopying /weatherbench2/datasets/era5-hourly-climatology/1990-2019_6h_1440x721.zarr/surface_pressure/1.84.0.0 to local cache[0m
[32m2026-07-20 16:14:10.654[0m | [34m[1mDEBUG   [0m | [36mearth2studio.data.utils[0m:[36m_make_local_details[0m:[36m1070[0m - [34m[1mCopying /weatherbench2/datasets/era5-hourly-climatology/1990-2019_6h_1440x721.zarr/u_component_of_wind/1.84.1.0.0 to local cache[0m
[32m2026-07-20 16:14:10.654[0m | [34m[1mDEBUG   [0m | [36mearth2studio.data.utils[0m:[36m_make_local_details[0m:[36m1070[0m - [34m[1mCopying /weatherbench2/datasets/era5-hourly-climatology/1990-2019_6h_1440x721.zarr/v_component_of_wind/1.84.12.0.0 to local cache[0m
[32m2026-07-20 16:14:10.655[0m | [34m[1mDEBUG   [0m | [36mearth2studio.data.utils[0m:[36m_make_local_details[0m:[36m1070[0m - [34m[1mCopying /weatherbench2/datasets/era5-hourly-climatology/1990-2019_6h_1440x721.zarr/specific_humidity/1.84.5.0.0 to local cache[0m
[32m2026-07-20 16:14:10.655[0m | [34m[1mDEBUG   [0m | [36mearth2studio.data.utils[0m:[36m_make_local_details[0m:[36m1070[0m - [34m[1mCopying /weatherbench2/datasets/era5-hourly-climatology/1990-2019_6h_1440x721.zarr/v_component_of_wind/1.84.5.0.0 to local cache[0m
[32m2026-07-20 16:14:10.656[0m | [34m[1mDEBUG   [0m | [36mearth2studio.data.utils[0m:[36m_make_local_details[0m:[36m1070[0m - [34m[1mCopying /weatherbench2/datasets/era5-hourly-climatology/1990-2019_6h_1440x721.zarr/v_component_of_wind/1.84.0.0.0 to local cache[0m
[32m2026-07-20 16:14:10.659[0m | [34m[1mDEBUG   [0m | [36mearth2studio.data.utils[0m:[36m_make_local_details[0m:[36m1070[0m - [34m[1mCopying /weatherbench2/datasets/era5-hourly-climatology/1990-2019_6h_1440x721.zarr/v_component_of_wind/1.84.2.0.0 to local cache[0m
[32m2026-07-20 16:14:10.663[0m | [34m[1mDEBUG   [0m | [36mearth2studio.data.utils[0m:[36m_make_local_details[0m:[36m1070[0m - [34m[1mCopying /weatherbench2/datasets/era5-hourly-climatology/1990-2019_6h_1440x721.zarr/u_component_of_wind/1.84.4.0.0 to local cache[0m
[32m2026-07-20 16:14:10.665[0m | [34m[1mDEBUG   [0m | [36mearth2studio.data.utils[0m:[36m_make_local_details[0m:[36m1070[0m - [34m[1mCopying /weatherbench2/datasets/era5-hourly-climatology/1990-2019_6h_1440x721.zarr/temperature/1.84.2.0.0 to local cache[0m
[32m2026-07-20 16:14:10.666[0m | [34m[1mDEBUG   [0m | [36mearth2studio.data.utils[0m:[36m_make_local_details[0m:[36m1070[0m - [34m[1mCopying /weatherbench2/datasets/era5-hourly-climatology/1990-2019_6h_1440x721.zarr/geopotential/1.84.11.0.0 to local cache[0m
[32m2026-07-20 16:14:10.666[0m | [34m[1mDEBUG   [0m | [36mearth2studio.data.utils[0m:[36m_make_local_details[0m:[36m1070[0m - [34m[1mCopying /weatherbench2/datasets/era5-hourly-climatology/1990-2019_6h_1440x721.zarr/geopotential/1.84.12.0.0 to local cache[0m
[32m2026-07-20 16:14:10.668[0m | [34m[1mDEBUG   [0m | [36mearth2studio.data.utils[0m:[36m_make_local_details[0m:[36m1070[0m - [34m[1mCopying /weatherbench2/datasets/era5-hourly-climatology/1990-2019_6h_1440x721.zarr/temperature/1.84.1.0.0 to local cache[0m
[32m2026-07-20 16:14:10.680[0m | [34m[1mDEBUG   [0m | [36mearth2studio.data.utils[0m:[36m_make_local_details[0m:[36m1070[0m - [34m[1mCopying /weatherbench2/datasets/era5-hourly-climatology/1990-2019_6h_1440x721.zarr/temperature/1.84.9.0.0 to local cache[0m
[32m2026-07-20 16:14:10.682[0m | [34m[1mDEBUG   [0m | [36mearth2studio.data.utils[0m:[36m_make_local_details[0m:[36m1070[0m - [34m[1mCopying /weatherbench2/datasets/era5-hourly-climatology/1990-2019_6h_1440x721.zarr/v_component_of_wind/1.84.8.0.0 to local cache[0m
[32m2026-07-20 16:14:10.741[0m | [34m[1mDEBUG   [0m | [36mearth2studio.data.utils[0m:[36m_make_local_details[0m:[36m1070[0m - [34m[1mCopying /weatherbench2/datasets/era5-hourly-climatology/1990-2019_6h_1440x721.zarr/u_component_of_wind/1.84.7.0.0 to local cache[0m
[32m2026-07-20 16:14:10.749[0m | [34m[1mDEBUG   [0m | [36mearth2studio.data.utils[0m:[36m_make_local_details[0m:[36m1070[0m - [34m[1mCopying /weatherbench2/datasets/era5-hourly-climatology/1990-2019_6h_1440x721.zarr/u_component_of_wind/1.84.5.0.0 to local cache[0m
[32m2026-07-20 16:14:10.751[0m | [34m[1mDEBUG   [0m | [36mearth2studio.data.utils[0m:[36m_make_local_details[0m:[36m1070[0m - [34m[1mCopying /weatherbench2/datasets/era5-hourly-climatology/1990-2019_6h_1440x721.zarr/specific_humidity/1.84.4.0.0 to local cache[0m
[32m2026-07-20 16:14:10.809[0m | [34m[1mDEBUG   [0m | [36mearth2studio.data.utils[0m:[36m_make_local_details[0m:[36m1070[0m - [34m[1mCopying /weatherbench2/datasets/era5-hourly-climatology/1990-2019_6h_1440x721.zarr/u_component_of_wind/1.84.10.0.0 to local cache[0m
[32m2026-07-20 16:14:10.849[0m | [34m[1mDEBUG   [0m | [36mearth2studio.data.utils[0m:[36m_make_local_details[0m:[36m1070[0m - [34m[1mCopying /weatherbench2/datasets/era5-hourly-climatology/1990-2019_6h_1440x721.zarr/vertical_velocity/1.84.2.0.0 to local cache[0m
[32m2026-07-20 16:14:10.857[0m | [34m[1mDEBUG   [0m | [36mearth2studio.data.utils[0m:[36m_make_local_details[0m:[36m1070[0m - [34m[1mCopying /weatherbench2/datasets/era5-hourly-climatology/1990-2019_6h_1440x721.zarr/geopotential/1.84.5.0.0 to local cache[0m
