Starting job 1586736 on gpu-1-112 on Olivia at Wed Jul 15 13:41:20 CEST 2026

Init: 1979-11-10 00:00:00 -> target valid time 1979-11-23 00:00:00 (52 steps, target_step=51)
[32m2026-07-15 13:42:15.044[0m | [34m[1mDEBUG   [0m | [36mearth2studio.data.utils[0m:[36m_make_local_details[0m:[36m1070[0m - [34m[1mCopying /gcp-public-data-arco-era5/ar/full_37-1h-0p25deg-chunk-1.zarr-v3/.zattrs to local cache[0m
[32m2026-07-15 13:42:15.996[0m | [34m[1mDEBUG   [0m | [36mearth2studio.data.utils[0m:[36m_make_local_details[0m:[36m1070[0m - [34m[1mCopying /gcp-public-data-arco-era5/ar/full_37-1h-0p25deg-chunk-1.zarr-v3/.zgroup to local cache[0m
[32m2026-07-15 13:42:16.079[0m | [34m[1mDEBUG   [0m | [36mearth2studio.data.utils[0m:[36m_make_local_details[0m:[36m1070[0m - [34m[1mCopying /gcp-public-data-arco-era5/ar/full_37-1h-0p25deg-chunk-1.zarr-v3/.zmetadata to local cache[0m
[32m2026-07-15 13:42:16.632[0m | [34m[1mDEBUG   [0m | [36mearth2studio.data.utils[0m:[36m_make_local_details[0m:[36m1070[0m - [34m[1mCopying /gcp-public-data-arco-era5/ar/full_37-1h-0p25deg-chunk-1.zarr-v3/level/0 to local cache[0m
[32m2026-07-15 13:42:17.029[0m | [34m[1mDEBUG   [0m | [36mearth2studio.data.utils[0m:[36m_make_local_details[0m:[36m1070[0m - [34m[1mCopying /gcp-public-data-arco-era5/ar/model-level-1h-0p25deg.zarr-v1/.zattrs to local cache[0m
[32m2026-07-15 13:42:17.353[0m | [34m[1mDEBUG   [0m | [36mearth2studio.data.utils[0m:[36m_make_local_details[0m:[36m1070[0m - [34m[1mCopying /gcp-public-data-arco-era5/ar/model-level-1h-0p25deg.zarr-v1/.zmetadata to local cache[0m
[32m2026-07-15 13:42:17.449[0m | [34m[1mDEBUG   [0m | [36mearth2studio.data.utils[0m:[36m_make_local_details[0m:[36m1070[0m - [34m[1mCopying /gcp-public-data-arco-era5/ar/model-level-1h-0p25deg.zarr-v1/.zgroup to local cache[0m
[32m2026-07-15 13:42:17.752[0m | [34m[1mDEBUG   [0m | [36mearth2studio.data.utils[0m:[36m_make_local_details[0m:[36m1070[0m - [34m[1mCopying /gcp-public-data-arco-era5/ar/model-level-1h-0p25deg.zarr-v1/hybrid/0 to local cache[0m
[32m2026-07-15 13:42:18.227[0m | [34m[1mDEBUG   [0m | [36mearth2studio.data.utils[0m:[36m_make_local_details[0m:[36m1070[0m - [34m[1mCopying /gcp-public-data-arco-era5/ar/full_37-1h-0p25deg-chunk-1.zarr-v3/10m_u_component_of_wind/700002.0.0 to local cache[0m
[32m2026-07-15 13:42:18.249[0m | [34m[1mDEBUG   [0m | [36mearth2studio.data.utils[0m:[36m_make_local_details[0m:[36m1070[0m - [34m[1mCopying /gcp-public-data-arco-era5/ar/full_37-1h-0p25deg-chunk-1.zarr-v3/volumetric_soil_water_layer_2/700002.0.0 to local cache[0m
[32m2026-07-15 13:42:18.322[0m | [34m[1mDEBUG   [0m | [36mearth2studio.data.utils[0m:[36m_make_local_details[0m:[36m1070[0m - [34m[1mCopying /gcp-public-data-arco-era5/ar/full_37-1h-0p25deg-chunk-1.zarr-v3/2m_temperature/700002.0.0 to local cache[0m
[32m2026-07-15 13:42:18.353[0m | [34m[1mDEBUG   [0m | [36mearth2studio.data.utils[0m:[36m_make_local_details[0m:[36m1070[0m - [34m[1mCopying /gcp-public-data-arco-era5/ar/full_37-1h-0p25deg-chunk-1.zarr-v3/temperature/700002.0.0.0 to local cache[0m
[32m2026-07-15 13:42:18.376[0m | [34m[1mDEBUG   [0m | [36mearth2studio.data.utils[0m:[36m_make_local_details[0m:[36m1070[0m - [34m[1mCopying /gcp-public-data-arco-era5/ar/full_37-1h-0p25deg-chunk-1.zarr-v3/specific_humidity/700002.0.0.0 to local cache[0m
[32m2026-07-15 13:42:18.379[0m | [34m[1mDEBUG   [0m | [36mearth2studio.data.utils[0m:[36m_make_local_details[0m:[36m1070[0m - [34m[1mCopying /gcp-public-data-arco-era5/ar/full_37-1h-0p25deg-chunk-1.zarr-v3/10m_v_component_of_wind/700002.0.0 to local cache[0m
[32m2026-07-15 13:42:18.380[0m | [34m[1mDEBUG   [0m | [36mearth2studio.data.utils[0m:[36m_make_local_details[0m:[36m1070[0m - [34m[1mCopying /gcp-public-data-arco-era5/ar/full_37-1h-0p25deg-chunk-1.zarr-v3/soil_temperature_level_2/700002.0.0 to local cache[0m
[32m2026-07-15 13:42:18.387[0m | [34m[1mDEBUG   [0m | [36mearth2studio.data.utils[0m:[36m_make_local_details[0m:[36m1070[0m - [34m[1mCopying /gcp-public-data-arco-era5/ar/full_37-1h-0p25deg-chunk-1.zarr-v3/v_component_of_wind/700002.0.0.0 to local cache[0m
[32m2026-07-15 13:42:18.388[0m | [34m[1mDEBUG   [0m | [36mearth2studio.data.utils[0m:[36m_make_local_details[0m:[36m1070[0m - [34m[1mCopying /gcp-public-data-arco-era5/ar/full_37-1h-0p25deg-chunk-1.zarr-v3/surface_pressure/700002.0.0 to local cache[0m
[32m2026-07-15 13:42:18.395[0m | [34m[1mDEBUG   [0m | [36mearth2studio.data.utils[0m:[36m_make_local_details[0m:[36m1070[0m - [34m[1mCopying /gcp-public-data-arco-era5/ar/full_37-1h-0p25deg-chunk-1.zarr-v3/volumetric_soil_water_layer_1/700002.0.0 to local cache[0m
[32m2026-07-15 13:42:18.399[0m | [34m[1mDEBUG   [0m | [36mearth2studio.data.utils[0m:[36m_make_local_details[0m:[36m1070[0m - [34m[1mCopying /gcp-public-data-arco-era5/ar/full_37-1h-0p25deg-chunk-1.zarr-v3/mean_sea_level_pressure/700002.0.0 to local cache[0m
[32m2026-07-15 13:42:18.405[0m | [34m[1mDEBUG   [0m | [36mearth2studio.data.utils[0m:[36m_make_local_details[0m:[36m1070[0m - [34m[1mCopying /gcp-public-data-arco-era5/ar/full_37-1h-0p25deg-chunk-1.zarr-v3/u_component_of_wind/700002.0.0.0 to local cache[0m
[32m2026-07-15 13:42:18.411[0m | [34m[1mDEBUG   [0m | [36mearth2studio.data.utils[0m:[36m_make_local_details[0m:[36m1070[0m - [34m[1mCopying /gcp-public-data-arco-era5/ar/full_37-1h-0p25deg-chunk-1.zarr-v3/vertical_velocity/700002.0.0.0 to local cache[0m
[32m2026-07-15 13:42:18.428[0m | [34m[1mDEBUG   [0m | [36mearth2studio.data.utils[0m:[36m_make_local_details[0m:[36m1070[0m - [34m[1mCopying /gcp-public-data-arco-era5/ar/full_37-1h-0p25deg-chunk-1.zarr-v3/soil_temperature_level_1/700002.0.0 to local cache[0m
[32m2026-07-15 13:42:18.438[0m | [34m[1mDEBUG   [0m | [36mearth2studio.data.utils[0m:[36m_make_local_details[0m:[36m1070[0m - [34m[1mCopying /gcp-public-data-arco-era5/ar/full_37-1h-0p25deg-chunk-1.zarr-v3/2m_dewpoint_temperature/700002.0.0 to local cache[0m
[32m2026-07-15 13:42:18.459[0m | [34m[1mDEBUG   [0m | [36mearth2studio.data.utils[0m:[36m_make_local_details[0m:[36m1070[0m - [34m[1mCopying /gcp-public-data-arco-era5/ar/full_37-1h-0p25deg-chunk-1.zarr-v3/total_column_water/700002.0.0 to local cache[0m
[32m2026-07-15 13:42:18.459[0m | [34m[1mDEBUG   [0m | [36mearth2studio.data.utils[0m:[36m_make_local_details[0m:[36m1070[0m - [34m[1mCopying /gcp-public-data-arco-era5/ar/full_37-1h-0p25deg-chunk-1.zarr-v3/skin_temperature/700002.0.0 to local cache[0m
[32m2026-07-15 13:42:18.481[0m | [34m[1mDEBUG   [0m | [36mearth2studio.data.utils[0m:[36m_make_local_details[0m:[36m1070[0m - [34m[1mCopying /gcp-public-data-arco-era5/ar/full_37-1h-0p25deg-chunk-1.zarr-v3/geopotential/700002.0.0.0 to local cache[0m
[32m2026-07-15 13:42:24.088[0m | [34m[1mDEBUG   [0m | [36mearth2studio.data.utils[0m:[36m_make_local_details[0m:[36m1070[0m - [34m[1mCopying /gcp-public-data-arco-era5/ar/full_37-1h-0p25deg-chunk-1.zarr-v3/geopotential/700008.0.0.0 to local cache[0m
[32m2026-07-15 13:42:24.093[0m | [34m[1mDEBUG   [0m | [36mearth2studio.data.utils[0m:[36m_make_local_details[0m:[36m1070[0m - [34m[1mCopying /gcp-public-data-arco-era5/ar/full_37-1h-0p25deg-chunk-1.zarr-v3/surface_pressure/700008.0.0 to local cache[0m
[32m2026-07-15 13:42:24.094[0m | [34m[1mDEBUG   [0m | [36mearth2studio.data.utils[0m:[36m_make_local_details[0m:[36m1070[0m - [34m[1mCopying /gcp-public-data-arco-era5/ar/full_37-1h-0p25deg-chunk-1.zarr-v3/10m_v_component_of_wind/700008.0.0 to local cache[0m
[32m2026-07-15 13:42:24.095[0m | [34m[1mDEBUG   [0m | [36mearth2studio.data.utils[0m:[36m_make_local_details[0m:[36m1070[0m - [34m[1mCopying /gcp-public-data-arco-era5/ar/full_37-1h-0p25deg-chunk-1.zarr-v3/volumetric_soil_water_layer_2/700008.0.0 to local cache[0m
[32m2026-07-15 13:42:24.096[0m | [34m[1mDEBUG   [0m | [36mearth2studio.data.utils[0m:[36m_make_local_details[0m:[36m1070[0m - [34m[1mCopying /gcp-public-data-arco-era5/ar/full_37-1h-0p25deg-chunk-1.zarr-v3/specific_humidity/700008.0.0.0 to local cache[0m
[32m2026-07-15 13:42:24.103[0m | [34m[1mDEBUG   [0m | [36mearth2studio.data.utils[0m:[36m_make_local_details[0m:[36m1070[0m - [34m[1mCopying /gcp-public-data-arco-era5/ar/full_37-1h-0p25deg-chunk-1.zarr-v3/temperature/700008.0.0.0 to local cache[0m
[32m2026-07-15 13:42:24.105[0m | [34m[1mDEBUG   [0m | [36mearth2studio.data.utils[0m:[36m_make_local_details[0m:[36m1070[0m - [34m[1mCopying /gcp-public-data-arco-era5/ar/full_37-1h-0p25deg-chunk-1.zarr-v3/v_component_of_wind/700008.0.0.0 to local cache[0m
[32m2026-07-15 13:42:24.106[0m | [34m[1mDEBUG   [0m | [36mearth2studio.data.utils[0m:[36m_make_local_details[0m:[36m1070[0m - [34m[1mCopying /gcp-public-data-arco-era5/ar/full_37-1h-0p25deg-chunk-1.zarr-v3/u_component_of_wind/700008.0.0.0 to local cache[0m
[32m2026-07-15 13:42:24.150[0m | [34m[1mDEBUG   [0m | [36mearth2studio.data.utils[0m:[36m_make_local_details[0m:[36m1070[0m - [34m[1mCopying /gcp-public-data-arco-era5/ar/full_37-1h-0p25deg-chunk-1.zarr-v3/total_column_water/700008.0.0 to local cache[0m
[32m2026-07-15 13:42:24.183[0m | [34m[1mDEBUG   [0m | [36mearth2studio.data.utils[0m:[36m_make_local_details[0m:[36m1070[0m - [34m[1mCopying /gcp-public-data-arco-era5/ar/full_37-1h-0p25deg-chunk-1.zarr-v3/volumetric_soil_water_layer_1/700008.0.0 to local cache[0m
[32m2026-07-15 13:42:24.185[0m | [34m[1mDEBUG   [0m | [36mearth2studio.data.utils[0m:[36m_make_local_details[0m:[36m1070[0m - [34m[1mCopying /gcp-public-data-arco-era5/ar/full_37-1h-0p25deg-chunk-1.zarr-v3/mean_sea_level_pressure/700008.0.0 to local cache[0m
[32m2026-07-15 13:42:24.186[0m | [34m[1mDEBUG   [0m | [36mearth2studio.data.utils[0m:[36m_make_local_details[0m:[36m1070[0m - [34m[1mCopying /gcp-public-data-arco-era5/ar/full_37-1h-0p25deg-chunk-1.zarr-v3/vertical_velocity/700008.0.0.0 to local cache[0m
[32m2026-07-15 13:42:24.189[0m | [34m[1mDEBUG   [0m | [36mearth2studio.data.utils[0m:[36m_make_local_details[0m:[36m1070[0m - [34m[1mCopying /gcp-public-data-arco-era5/ar/full_37-1h-0p25deg-chunk-1.zarr-v3/2m_temperature/700008.0.0 to local cache[0m
[32m2026-07-15 13:42:24.190[0m | [34m[1mDEBUG   [0m | [36mearth2studio.data.utils[0m:[36m_make_local_details[0m:[36m1070[0m - [34m[1mCopying /gcp-public-data-arco-era5/ar/full_37-1h-0p25deg-chunk-1.zarr-v3/soil_temperature_level_1/700008.0.0 to local cache[0m
[32m2026-07-15 13:42:24.192[0m | [34m[1mDEBUG   [0m | [36mearth2studio.data.utils[0m:[36m_make_local_details[0m:[36m1070[0m - [34m[1mCopying /gcp-public-data-arco-era5/ar/full_37-1h-0p25deg-chunk-1.zarr-v3/10m_u_component_of_wind/700008.0.0 to local cache[0m
[32m2026-07-15 13:42:24.230[0m | [34m[1mDEBUG   [0m | [36mearth2studio.data.utils[0m:[36m_make_local_details[0m:[36m1070[0m - [34m[1mCopying /gcp-public-data-arco-era5/ar/full_37-1h-0p25deg-chunk-1.zarr-v3/soil_temperature_level_2/700008.0.0 to local cache[0m
[32m2026-07-15 13:42:24.256[0m | [34m[1mDEBUG   [0m | [36mearth2studio.data.utils[0m:[36m_make_local_details[0m:[36m1070[0m - [34m[1mCopying /gcp-public-data-arco-era5/ar/full_37-1h-0p25deg-chunk-1.zarr-v3/skin_temperature/700008.0.0 to local cache[0m
[32m2026-07-15 13:42:24.258[0m | [34m[1mDEBUG   [0m | [36mearth2studio.data.utils[0m:[36m_make_local_details[0m:[36m1070[0m - [34m[1mCopying /gcp-public-data-arco-era5/ar/full_37-1h-0p25deg-chunk-1.zarr-v3/2m_dewpoint_temperature/700008.0.0 to local cache[0m
Cleaned up temporary input data cache: /cluster/projects/nn12107k/robin/e2s_data_cache_heurjb1h

Job 1586736 consumed 0.0 billing hours and 0.0 GPU hours from project nn12107k.

Submitted 2026-07-15T13:41:19; waited 0.0 seconds in the queue after becoming eligible to run.

Requested wallclock time: 4.0 hours
Elapsed wallclock time:   1.5 minutes

Job failed.

Task and CPU statistics:
ID             CPUs  Tasks  CPU util                Start  Elapsed  Exit status
1586736           1            0.0 %  2026-07-15T13:41:19   92.0 s  1
1586736.batch     1      1    62.7 %  2026-07-15T13:41:19   92.0 s  1

Used CPU time:   57.7 CPU seconds
Unused CPU time: 34.3 CPU seconds

Memory statistics, in GiB:
ID              Alloc   Usage
1586736         128.0        
1586736.batch   128.0    12.3

Job 1586736 completed at Wed Jul 15 13:42:51 CEST 2026
