Starting job 1580876 on gpu-1-110 on Olivia at Mon Jul 13 17:31:30 CEST 2026

Reading package lists...
installing to /root/.local/bin
  uv
  uvx
everything's installed!

Job 1580876 consumed 0.0 billing hours and 1.0 GPU hours from project nn12107k.

Submitted 2026-07-13T17:31:29; waited 0.0 seconds in the queue after becoming eligible to run.

Requested wallclock time: 6.0 hours
Elapsed wallclock time:   1.0 hours

Job exited normally.

Task and CPU statistics:
ID             CPUs  Tasks  CPU util                Start  Elapsed  Exit status
1580876           1            0.0 %  2026-07-13T17:31:29    1.0 h  0
1580876.batch     1      1    93.8 %  2026-07-13T17:31:29    1.0 h  0

Used CPU time:   58.1 CPU minutes
Unused CPU time: 3.8 CPU minutes

Memory statistics, in GiB:
ID              Alloc   Usage
1580876         128.0        
1580876.batch   128.0    94.7

Job 1580876 completed at Mon Jul 13 18:33:26 CEST 2026
