INFO:    User not listed in /etc/subuid, trying root-mapped namespace
INFO:    fakeroot command not found
INFO:    Installing some packages may fail
INFO:    Starting build...
INFO:    Fetching OCI image...
INFO:    Extracting OCI image...
2026/07/10 13:32:05  warn xattr{etc/gshadow} ignoring ENOTSUP on setxattr "user.rootlesscontainers"
2026/07/10 13:32:05  warn xattr{/tmp/build-temp-453227276/rootfs/etc/gshadow} destination filesystem does not support xattrs, further warnings will be suppressed
2026/07/10 13:32:06  warn xattr{var/log/apt/term.log} ignoring ENOTSUP on setxattr "user.rootlesscontainers"
2026/07/10 13:32:06  warn xattr{/tmp/build-temp-453227276/rootfs/var/log/apt/term.log} destination filesystem does not support xattrs, further warnings will be suppressed
2026/07/10 13:32:06  warn xattr{var/log/apt/term.log} ignoring ENOTSUP on setxattr "user.rootlesscontainers"
2026/07/10 13:32:06  warn xattr{/tmp/build-temp-453227276/rootfs/var/log/apt/term.log} destination filesystem does not support xattrs, further warnings will be suppressed
2026/07/10 13:32:06  warn xattr{etc/gshadow} ignoring ENOTSUP on setxattr "user.rootlesscontainers"
2026/07/10 13:32:06  warn xattr{/tmp/build-temp-453227276/rootfs/etc/gshadow} destination filesystem does not support xattrs, further warnings will be suppressed
2026/07/10 13:32:11  warn xattr{usr/share/doc/cuda-runtime-9-0/NVIDIA-CUDA.jpg} ignoring ENOTSUP on setxattr "user.rootlesscontainers"
2026/07/10 13:32:11  warn xattr{/tmp/build-temp-453227276/rootfs/usr/share/doc/cuda-runtime-9-0/NVIDIA-CUDA.jpg} destination filesystem does not support xattrs, further warnings will be suppressed
2026/07/10 13:32:12  warn xattr{var/lib/apt/lists/auxfiles} ignoring ENOTSUP on setxattr "user.rootlesscontainers"
2026/07/10 13:32:12  warn xattr{/tmp/build-temp-453227276/rootfs/var/lib/apt/lists/auxfiles} destination filesystem does not support xattrs, further warnings will be suppressed
2026/07/10 13:32:12  warn xattr{etc/gshadow} ignoring ENOTSUP on setxattr "user.rootlesscontainers"
2026/07/10 13:32:12  warn xattr{/tmp/build-temp-453227276/rootfs/etc/gshadow} destination filesystem does not support xattrs, further warnings will be suppressed
2026/07/10 13:32:54  warn xattr{var/log/apt/term.log} ignoring ENOTSUP on setxattr "user.rootlesscontainers"
2026/07/10 13:32:54  warn xattr{/tmp/build-temp-453227276/rootfs/var/log/apt/term.log} destination filesystem does not support xattrs, further warnings will be suppressed
2026/07/10 13:33:04  warn xattr{var/log/apt/term.log} ignoring ENOTSUP on setxattr "user.rootlesscontainers"
2026/07/10 13:33:04  warn xattr{/tmp/build-temp-453227276/rootfs/var/log/apt/term.log} destination filesystem does not support xattrs, further warnings will be suppressed
INFO:    Inserting Apptainer configuration...
INFO:    Running post scriptlet
+ export DEBIAN_FRONTEND=noninteractive
+ apt-get update
E: setgroups 65534 failed - setgroups (1: Operation not permitted)
E: setegid 65534 failed - setegid (22: Invalid argument)
E: seteuid 42 failed - seteuid (22: Invalid argument)
E: setgroups 0 failed - setgroups (1: Operation not permitted)
W: chown to _apt:root of directory /var/lib/apt/lists/partial failed - SetupAPTPartialDirectory (22: Invalid argument)
W: chown to _apt:root of directory /var/lib/apt/lists/auxfiles failed - SetupAPTPartialDirectory (22: Invalid argument)
E: setgroups 65534 failed - setgroups (1: Operation not permitted)
E: setegid 65534 failed - setegid (22: Invalid argument)
E: seteuid 42 failed - seteuid (22: Invalid argument)
E: setgroups 0 failed - setgroups (1: Operation not permitted)
E: Method gave invalid 400 URI Failure message: Failed to setgroups - setgroups (1: Operation not permitted)
E: Method http has died unexpectedly!
E: Sub-process http returned an error code (112)
FATAL:   While performing build: while running engine: while running %post section: exit status 100
